Component: ARM Compiler 5.06 update 7 (build 960) Tool: armlink [4d3601]

==============================================================================

Section Cross References

    main.o(i.APP_GetPid) refers to main.o(.bss) for Pid
    main.o(i.AppTaskCreate) refers to os_task.o(i.OSTaskCreate) for OSTaskCreate
    main.o(i.AppTaskCreate) refers to main.o(.bss) for AppTaskChargeStk
    main.o(i.AppTaskCreate) refers to chtask.o(i.AppTaskCharge) for AppTaskCharge
    main.o(i.AppTaskCreate) refers to dwin_com_pro.o(i.AppTaskDwin) for AppTaskDwin
    main.o(i.AppTaskCreate) refers to 4gmain.o(i.AppTask4GMain) for AppTask4GMain
    main.o(i.AppTaskCreate) refers to 4grecv.o(i.AppTask4GRecv) for AppTask4GRecv
    main.o(i.AppTaskCreate) refers to 4gsend.o(i.AppTask4GSend) for AppTask4GSend
    main.o(i.AppTaskStart) refers to delay.o(i.delay_init) for delay_init
    main.o(i.AppTaskStart) refers to bsp.o(i.BSP_Init) for BSP_Init
    main.o(i.AppTaskStart) refers to at32_board.o(i.UART_Print_Init) for UART_Print_Init
    main.o(i.AppTaskStart) refers to cpu_core.o(i.CPU_Init) for CPU_Init
    main.o(i.AppTaskStart) refers to bsp.o(i.BSP_CPU_ClkFreq) for BSP_CPU_ClkFreq
    main.o(i.AppTaskStart) refers to os_cpu_c.o(i.OS_CPU_SysTickInit) for OS_CPU_SysTickInit
    main.o(i.AppTaskStart) refers to os_stat.o(i.OSStatTaskCPUUsageInit) for OSStatTaskCPUUsageInit
    main.o(i.AppTaskStart) refers to ertc.o(i.ertc) for ertc
    main.o(i.AppTaskStart) refers to printf8.o(i.__0printf$8) for __2printf
    main.o(i.AppTaskStart) refers to device.o(i.Mcu_Io_Init) for Mcu_Io_Init
    main.o(i.AppTaskStart) refers to spi_flash.o(i.Spi_Flash_Io_Init) for Spi_Flash_Io_Init
    main.o(i.AppTaskStart) refers to spi_flash.o(i.FLASH_Init) for FLASH_Init
    main.o(i.AppTaskStart) refers to timer.o(i.TIM3_Int_Init) for TIM3_Int_Init
    main.o(i.AppTaskStart) refers to timer.o(i.TIM4_Int_Init) for TIM4_Int_Init
    main.o(i.AppTaskStart) refers to delay.o(i.delay_m) for delay_m
    main.o(i.AppTaskStart) refers to hlw8112-spi.o(i.Init_HLW8112) for Init_HLW8112
    main.o(i.AppTaskStart) refers to main.o(i.AppTaskCreate) for AppTaskCreate
    main.o(i.AppTaskStart) refers to main.o(i.IWDG_Config) for IWDG_Config
    main.o(i.AppTaskStart) refers to at32f4xx_iwdg.o(i.IWDG_ReloadCounter) for IWDG_ReloadCounter
    main.o(i.AppTaskStart) refers to os_time.o(i.OSTimeDly) for OSTimeDly
    main.o(i.AppTaskStart) refers to ertc.o(i.ERTC_TimeShow) for ERTC_TimeShow
    main.o(i.AppTaskStart) refers to os_cfg_app.o(.constdata) for OSCfg_TickRate_Hz
    main.o(i.AppTaskStart) refers to main.o(.data) for reststae
    main.o(i.AppTaskStart) refers to main.o(.bss) for Pid
    main.o(i.AppTaskStart) refers to read_nuid.o(.bss) for m1_card_info
    main.o(i.AppTaskStart) refers to ertc.o(.data) for ERTC_DateStructure
    main.o(i.IWDG_Config) refers to at32f4xx_iwdg.o(i.IWDG_KeyRegWrite) for IWDG_KeyRegWrite
    main.o(i.IWDG_Config) refers to at32f4xx_iwdg.o(i.IWDG_SetPrescaler) for IWDG_SetPrescaler
    main.o(i.IWDG_Config) refers to at32f4xx_iwdg.o(i.IWDG_SetReload) for IWDG_SetReload
    main.o(i.IWDG_Config) refers to at32f4xx_iwdg.o(i.IWDG_ReloadCounter) for IWDG_ReloadCounter
    main.o(i.IWDG_Config) refers to at32f4xx_iwdg.o(i.IWDG_Enable) for IWDG_Enable
    main.o(i.IWDG_Feed) refers to at32f4xx_iwdg.o(i.IWDG_ReloadCounter) for IWDG_ReloadCounter
    main.o(i.JumpToProgramCode) refers to main.o(.data) for JumpAddress
    main.o(i.main) refers to os_core.o(i.OSInit) for OSInit
    main.o(i.main) refers to os_task.o(i.OSTaskCreate) for OSTaskCreate
    main.o(i.main) refers to os_core.o(i.OSStart) for OSStart
    main.o(i.main) refers to main.o(.bss) for AppTaskStartStk
    main.o(i.main) refers to main.o(i.AppTaskStart) for AppTaskStart
    at32f4xx_it.o(i.HardFault_Handler) refers to flashdispos.o(i.fal_partition_read) for fal_partition_read
    at32f4xx_it.o(i.HardFault_Handler) refers to flashdispos.o(i.fal_partition_write) for fal_partition_write
    at32f4xx_it.o(i.HardFault_Handler) refers to at32f4xx_it.o(.bss) for sijit123
    system_at32f4xx.o(i.SetSysClock) refers to system_at32f4xx.o(i.SetSysClockTo144M) for SetSysClockTo144M
    system_at32f4xx.o(i.SetSysClockTo144M) refers to at32f4xx_rcc.o(i.RCC_PLLFrefTableConfig) for RCC_PLLFrefTableConfig
    system_at32f4xx.o(i.SetSysClockTo144M) refers to at32f4xx_rcc.o(i.RCC_StepModeCmd) for RCC_StepModeCmd
    system_at32f4xx.o(i.SystemCoreClockUpdate) refers to system_at32f4xx.o(.data) for SystemCoreClock
    system_at32f4xx.o(i.SystemInit) refers to at32f4xx_rcc.o(i.RCC_APB1PeriphClockCmd) for RCC_APB1PeriphClockCmd
    system_at32f4xx.o(i.SystemInit) refers to system_at32f4xx.o(i.SetSysClock) for SetSysClock
    startup_at32f415cbt7.o(RESET) refers to startup_at32f415cbt7.o(STACK) for __initial_sp
    startup_at32f415cbt7.o(RESET) refers to startup_at32f415cbt7.o(.text) for Reset_Handler
[...]
    OSStatTaskTCB                            0x20003c84   Data         184  os_var.o(.bss)
    OSTickTaskTCB                            0x20003d3c   Data         184  os_var.o(.bss)
    OSTmrMutex                               0x20003df4   Data          44  os_var.o(.bss)
    OSTmrTaskTCB                             0x20003e20   Data         184  os_var.o(.bss)
    CPU_Name                                 0x20003ed8   Data          16  cpu_core.o(.bss)
    Uart1RecvControl                         0x20003ee8   Data         308  uart1.o(.bss)
    Uart2RecvControl                         0x2000401c   Data          56  uart2.o(.bss)
    TMR_TMReBaseStructure                    0x20004054   Data          16  timer.o(.bss)
    TMR_OCInitStructure                      0x20004064   Data          20  timer.o(.bss)
    ADC_InitStructure                        0x20004078   Data          20  adc.o(.bss)
    DMA_InitStructure                        0x2000408c   Data          44  adc.o(.bss)
    ADCConvertedValue                        0x200040b8   Data         200  adc.o(.bss)
    ConvertedValue                           0x20004180   Data          20  adc.o(.bss)
    ERTC_InitStructure                       0x20004194   Data          12  ertc.o(.bss)
    Uart3RecvControl                         0x200041a0   Data          56  uart3.o(.bss)
    stChTcb                                  0x200041d8   Data         684  chtask.o(.bss)
    ChTaskMq                                 0x20004484   Data          48  chtask.o(.bss)
    adcbuf                                   0x20004518   Data         400  cp.o(.bss)
    pucDipBuf                                0x200046a8   Data         250  mq_service.o(.bss)
    stDipMsg                                 0x200047a4   Data         120  mq_service.o(.bss)
    pucBLEBuf                                0x2000481c   Data         250  mq_service.o(.bss)
    stBLEMsg                                 0x20004918   Data         120  mq_service.o(.bss)
    puc4GBuf                                 0x20004990   Data        1500  mq_service.o(.bss)
    st4GMsg                                  0x20004f6c   Data         120  mq_service.o(.bss)
    pucBuf                                   0x20004fe4   Data         500  mq_service.o(.bss)
    stMsg                                    0x200051d8   Data         240  mq_service.o(.bss)
    ResendBillControl                        0x200052c8   Data          28  4gmain.o(.bss)
    sendmutex                                0x200052e4   Data          44  4gmain.o(.bss)
    HttpInfo                                 0x20005310   Data         150  4gmain.o(.bss)
    RecvDataControl                          0x200053a8   Data        1224  4grecv.o(.bss)
    Recv4GMq                                 0x20005870   Data          48  4grecv.o(.bss)
    recvbuf                                  0x200058a0   Data         300  4grecv.o(.bss)
    OFFlineBuf                               0x200059cc   Data         300  4gsend.o(.bss)
    OFFFSlineBuf                             0x20005af8   Data         300  4gsend.o(.bss)
    Send4GMq                                 0x20005c24   Data          48  4gsend.o(.bss)
    SIM7600CmdState                          0x20005c5e   Data          17  modulea7680c.o(.bss)
    SIMNum                                   0x20005c6f   Data          15  modulea7680c.o(.bss)
    _4GIMEI                                  0x20005c7e   Data          15  modulea7680c.o(.bss)
    RecvCount                                0x20005c8d   Data          16  frame66.o(.bss)
    Send66buf                                0x20005c9d   Data         300  frame66.o(.bss)
    Recv66buf                                0x20005dc9   Data         300  frame66.o(.bss)
    _66StartCharge                           0x20005ef5   Data         136  frame66.o(.bss)
    _66_QR                                   0x20005f7d   Data          81  frame66.o(.bss)
    m1_card_info                             0x20005fd0   Data          67  read_nuid.o(.bss)
    M1Control                                0x20006014   Data          12  read_nuid.o(.bss)
    Card_ID                                  0x20006020   Data          10  read_nuid.o(.bss)
    dSectorBuffer                            0x2000602a   Data        4096  spi_flash.o(.bss)
    RECODECONTROL                            0x2000702c   Data         372  dwin_com_pro.o(.bss)
    Recorddisplay_info                       0x200071a0   Data         120  dwin_com_pro.o(.bss)
    contrast_CardNum                         0x20007218   Data         120  dwin_com_pro.o(.bss)
    RecordInfo                               0x20007290   Data         120  dwin_com_pro.o(.bss)
    SaveRecordinfo                           0x20007308   Data         120  dwin_com_pro.o(.bss)
    ChargeInfo                               0x20007380   Data          12  dwin_com_pro.o(.bss)
    DisSysConfigInfo                         0x2000738c   Data          44  dwin_com_pro.o(.bss)
    uifsChargeEnergy                         0x200073b8   Data         192  dwin_com_pro.o(.bss)
    Billbuf                                  0x20007478   Data         200  dwin_com_pro.o(.bss)
    stChRate                                 0x20007540   Data         273  dwin_com_pro.o(.bss)
    DwinMq                                   0x20007654   Data          48  dwin_com_pro.o(.bss)
    dlt645_info                              0x20007780   Data          16  dlt645_port.o(.bss)
    Recv485USRTMq                            0x20007790   Data          48  dlt645_port.o(.bss)
    __initial_sp                             0x20007bc0   Data           0  startup_at32f415cbt7.o(STACK)



==============================================================================

Memory Map of the image

  Image Entry point : 0x08000171

  Load Region LR_IROM1 (Base: 0x08000000, Size: 0x000148e8, Max: 0x00020000, ABSOLUTE, COMPRESSED[0x000143e0])

    Execution Region ER_IROM1 (Exec base: 0x08000000, Load base: 0x08000000, Size: 0x000141ac, Max: 0x00020000, ABSOLUTE)

    Exec Addr    Load Addr    Size         Type   Attr      Idx    E Section Name        Object

    0x08000000   0x08000000   0x00000170   Data   RO          446    RESET               startup_at32f415cbt7.o
    0x08000170   0x08000170   0x00000000   Code   RO         9723  * .ARM.Collect$$$$00000000  mc_w.l(entry.o)
    0x08000170   0x08000170   0x00000004   Code   RO        10039    .ARM.Collect$$$$00000001  mc_w.l(entry2.o)
    0x08000174   0x08000174   0x00000004   Code   RO        10042    .ARM.Collect$$$$00000004  mc_w.l(entry5.o)
    0x08000178   0x08000178   0x00000000   Code   RO        10044    .ARM.Collect$$$$00000008  mc_w.l(entry7b.o)
    0x08000178   0x08000178   0x00000000   Code   RO        10046    .ARM.Collect$$$$0000000A  mc_w.l(entry8b.o)
    0x08000178   0x08000178   0x00000008   Code   RO        10047    .ARM.Collect$$$$0000000B  mc_w.l(entry9a.o)
    0x08000180   0x08000180   0x00000004   Code   RO        10054    .ARM.Collect$$$$0000000E  mc_w.l(entry12b.o)
    0x08000184   0x08000184   0x00000000   Code   RO        10049    .ARM.Collect$$$$0000000F  mc_w.l(entry10a.o)
    0x08000184   0x08000184   0x00000000   Code   RO        10051    .ARM.Collect$$$$00000011  mc_w.l(entry11a.o)
    0x08000184   0x08000184   0x00000004   Code   RO        10040    .ARM.Collect$$$$00002712  mc_w.l(entry2.o)
    0x08000188   0x08000188   0x00000024   Code   RO          447    .text               startup_at32f415cbt7.o
    0x080001ac   0x080001ac   0x00000034   Code   RO         4758    .text               cpu_a.o
    0x080001e0   0x080001e0   0x00000062   Code   RO         9726    .text               mc_w.l(uldiv.o)
    0x08000242   0x08000242   0x00000024   Code   RO         9728    .text               mc_w.l(memcpya.o)
    0x08000266   0x08000266   0x00000024   Code   RO         9730    .text               mc_w.l(memseta.o)
    0x0800028a   0x0800028a   0x00000024   Code   RO         9732    .text               mc_w.l(strstr.o)
    0x080002ae   0x080002ae   0x0000000e   Code   RO         9734    .text               mc_w.l(strlen.o)
    0x080002bc   0x080002bc   0x0000001e   Code   RO         9736    .text               mc_w.l(strncmp.o)
    0x080002da   0x080002da   0x00000002   PAD
    0x080002dc   0x080002dc   0x00000044   Code   RO         9738    .text               mc_w.l(strtok.o)
    0x08000320   0x08000320   0x0000001a   Code   RO        10007    .text               mc_w.l(atoi.o)
    0x0800033a   0x0800033a   0x000000b0   Code   RO        10009    .text               mf_w.l(fadd.o)
    0x080003ea   0x080003ea   0x00000064   Code   RO        10011    .text               mf_w.l(fmul.o)
    0x0800044e   0x0800044e   0x0000007c   Code   RO        10013    .text               mf_w.l(fdiv.o)
    0x080004ca   0x080004ca   0x0000014e   Code   RO        10015    .text               mf_w.l(dadd.o)
    0x08000618   0x08000618   0x000000e4   Code   RO        10017    .text               mf_w.l(dmul.o)
    0x080006fc   0x080006fc   0x0000000a   Code   RO        10019    .text               mf_w.l(ffltui.o)
    0x08000706   0x08000706   0x0000001a   Code   RO        10021    .text               mf_w.l(dfltui.o)
    0x08000720   0x08000720   0x00000028   Code   RO        10023    .text               mf_w.l(ffixui.o)
    0x08000748   0x08000748   0x00000032   Code   RO        10025    .text               mf_w.l(dfixui.o)
    0x0800077a   0x0800077a   0x00000026   Code   RO        10027    .text               mf_w.l(f2d.o)
    0x080007a0   0x080007a0   0x00000030   Code   RO        10029    .text               mf_w.l(cdcmple.o)
    0x080007d0   0x080007d0   0x00000030   Code   RO        10031    .text               mf_w.l(cdrcmple.o)
    0x08000800   0x08000800   0x00000014   Code   RO        10035    .text               mf_w.l(cfcmple.o)
    0x08000814   0x08000814   0x00000014   Code   RO        10037    .text               mf_w.l(cfrcmple.o)
    0x08000828   0x08000828   0x0000001e   Code   RO        10057    .text               mc_w.l(llshl.o)
    0x08000846   0x08000846   0x00000020   Code   RO        10059    .text               mc_w.l(llushr.o)
    0x08000866   0x08000866   0x00000024   Code   RO        10061    .text               mc_w.l(llsshr.o)
    0x0800088a   0x0800088a   0x00000070   Code   RO        10070    .text               mc_w.l(strtol.o)
    0x080008fa   0x080008fa   0x00000000   Code   RO        10072    .text               mc_w.l(iusefp.o)
    0x080008fa   0x080008fa   0x0000006e   Code   RO        10073    .text               mf_w.l(fepilogue.o)
    0x08000968   0x08000968   0x000000ba   Code   RO        10075    .text               mf_w.l(depilogue.o)
    0x08000a22   0x08000a22   0x00000002   PAD
    0x08000a24   0x08000a24   0x00000024   Code   RO        10081    .text               mc_w.l(init.o)
    0x08000a48   0x08000a48   0x00000008   Code   RO        10083    .text               mc_w.l(ctype_o.o)
    0x08000a50   0x08000a50   0x0000009e   Code   RO        10111    .text               mc_w.l(_strtoul.o)
    0x08000aee   0x08000aee   0x0000001c   Code   RO        10113    .text               mc_w.l(_chval.o)
    0x08000b0a   0x08000b0a   0x00000056   Code   RO        10123    .text               mc_w.l(__dczerorl2.o)
    0x08000b60   0x08000b60   0x00000098   Code   RO         3184    CODE                os_cpu_a.o
    0x08000bf8   0x08000bf8   0x00000016   Code   RO         1683    i.ADC_Ctrl          at32f4xx_adc.o
    0x08000c0e   0x08000c0e   0x00000016   Code   RO         1684    i.ADC_DMACtrl       at32f4xx_adc.o
    0x08000c24   0x08000c24   0x00000014   Code   RO         1690    i.ADC_GetCalibrationStatus  at32f4xx_adc.o
    0x08000c38   0x08000c38   0x00000014   Code   RO         1696    i.ADC_GetResetCalibrationStatus  at32f4xx_adc.o
    0x08000c4c   0x08000c4c   0x00000050   Code   RO         1700    i.ADC_Init          at32f4xx_adc.o
    0x08000c9c   0x08000c9c   0x000000b8   Code   RO         1704    i.ADC_RegularChannelConfig  at32f4xx_adc.o
    0x08000d54   0x08000d54   0x0000000a   Code   RO         1706    i.ADC_RstCalibration  at32f4xx_adc.o
    0x08000d5e   0x08000d5e   0x00000016   Code   RO         1708    i.ADC_SoftwareStartConvCtrl  at32f4xx_adc.o
    0x08000d74   0x08000d74   0x0000000a   Code   RO         1710    i.ADC_StartCalibration  at32f4xx_adc.o
    0x08000d7e   0x08000d7e   0x00000012   Code   RO         1711    i.ADC_StructInit    at32f4xx_adc.o
    0x08000d90   0x08000d90   0x00000270   Code   RO         8952    i.APPTransactionrecord  dwin_com_pro.o
    0x08001000   0x08001000   0x00000034   Code   RO         8953    i.APP_ClearRecodeInfo  dwin_com_pro.o
    0x08001034   0x08001034   0x000001bc   Code   RO         8954    i.APP_DisplayRecvDataAnalyze  dwin_com_pro.o
    0x080011f0   0x080011f0   0x0000000c   Code   RO         7642    i.APP_Get66StartType  frame66.o
    0x080011fc   0x080011fc   0x00000014   Code   RO         7246    i.APP_GetAppRegisterState  modulea7680c.o
    0x08001210   0x08001210   0x00000008   Code   RO         6975    i.APP_GetBatchNum   4gmain.o
    0x08001218   0x08001218   0x00000008   Code   RO         8955    i.APP_GetBillInfo   dwin_com_pro.o
    0x08001220   0x08001220   0x0000000c   Code   RO         7247    i.APP_GetCSQNum     modulea7680c.o
    0x0800122c   0x0800122c   0x00000014   Code   RO         7248    i.APP_GetModuleConnectState  modulea7680c.o
    0x08001240   0x08001240   0x0000000c   Code   RO         6978    i.APP_GetResendBillState  4gmain.o
    0x0800124c   0x0800124c   0x0000000c   Code   RO         7249    i.APP_GetSIM7600Mode  modulea7680c.o
    0x08001258   0x08001258   0x0000000c   Code   RO         7250    i.APP_GetSIM7600Status  modulea7680c.o
    0x08001264   0x08001264   0x00000028   Code   RO         7173    i.APP_RecvDataControl  4grecv.o
    0x0800128c   0x0800128c   0x00000108   Code   RO         8960    i.APP_SelectCurChargeRecode  dwin_com_pro.o
    0x08001394   0x08001394   0x000000f4   Code   RO         8961    i.APP_SelectNextNChargeRecode  dwin_com_pro.o
    0x08001488   0x08001488   0x00000134   Code   RO         8962    i.APP_SelectUpNChargeRecode  dwin_com_pro.o
    0x080015bc   0x080015bc   0x00000018   Code   RO         7643    i.APP_Set66StartType  frame66.o
    0x080015d4   0x080015d4   0x00000018   Code   RO         7251    i.APP_SetAppRegisterState  modulea7680c.o
    0x080015ec   0x080015ec   0x0000003c   Code   RO         7252    i.APP_SetNetNotConect  modulea7680c.o
    0x08001628   0x08001628   0x00000010   Code   RO         6980    i.APP_SetResendBillState  4gmain.o
    0x08001638   0x08001638   0x00000010   Code   RO         7253    i.APP_SetSIM7600Mode  modulea7680c.o
    0x08001648   0x08001648   0x00000018   Code   RO         6981    i.APP_SetStartNetState  4gmain.o
    0x08001660   0x08001660   0x00000060   Code   RO         8433    i.Ad_entry          dispkey.o
    0x080016c0   0x080016c0   0x00000034   Code   RO         8964    i.Amount_charging   dwin_com_pro.o
    0x080016f4   0x080016f4   0x00000190   Code   RO         6983    i.AppTask4GMain     4gmain.o
    0x08001884   0x08001884   0x00000368   Code   RO         7174    i.AppTask4GRecv     4grecv.o
    0x08001bec   0x08001bec   0x00000298   Code   RO         7211    i.AppTask4GSend     4gsend.o
    0x08001e84   0x08001e84   0x00000064   Code   RO         6726    i.AppTaskCharge     chtask.o
    0x08001ee8   0x08001ee8   0x00000170   Code   RO            5    i.AppTaskCreate     main.o
    0x08002058   0x08002058   0x00000358   Code   RO         8965    i.AppTaskDwin       dwin_com_pro.o
    0x080023b0   0x080023b0   0x00000388   Code   RO            6    i.AppTaskStart      main.o
    0x08002738   0x08002738   0x00000010   Code   RO         4938    i.BSP_CPU_ClkFreq   bsp.o
    0x08002748   0x08002748   0x0000000c   Code   RO         4939    i.BSP_Init          bsp.o
    0x08002754   0x08002754   0x00000054   Code   RO         6834    i.BubbleSort        cp.o
    0x080027a8   0x080027a8   0x00000004   Code   RO          322    i.BusFault_Handler  at32f4xx_it.o
    0x080027ac   0x080027ac   0x0000000c   Code   RO         4817    i.CPU_Init          cpu_core.o
    0x080027b8   0x080027b8   0x00000030   Code   RO         4818    i.CPU_NameClr       cpu_core.o
    0x080027e8   0x080027e8   0x00000008   Code   RO         4820    i.CPU_NameInit      cpu_core.o
    0x080027f0   0x080027f0   0x00000014   Code   RO         4824    i.CPU_TS_Init       cpu_core.o
    0x08002804   0x08002804   0x0000000c   Code   RO         4826    i.CPU_TS_TmrFreqSet  cpu_core.o
    0x08002810   0x08002810   0x00000034   Code   RO         4941    i.CPU_TS_TmrInit    bsp.o
    0x08002844   0x08002844   0x0000000c   Code   RO         4942    i.CPU_TS_TmrRd      bsp.o
    0x08002850   0x08002850   0x0000004c   Code   RO         7884    i.Clear_flag        read_nuid.o
    0x0800289c   0x0800289c   0x0000001c   Code   RO         8966    i.Clear_record      dwin_com_pro.o
    0x080028b8   0x080028b8   0x000000a0   Code   RO         6984    i.Connect_4G        4gmain.o
    0x08002958   0x08002958   0x00000024   Code   RO         6224    i.DATAHEXtoBCD      ertc.o
    0x0800297c   0x0800297c   0x00000018   Code   RO         1911    i.DMA_ChannelEnable  at32f4xx_dma.o
    0x08002994   0x08002994   0x0000001a   Code   RO         1914    i.DMA_DefaultInitParaConfig  at32f4xx_dma.o
    0x080029ae   0x080029ae   0x0000003c   Code   RO         1920    i.DMA_Init          at32f4xx_dma.o
    0x080029ea   0x080029ea   0x00000002   PAD
    0x080029ec   0x080029ec   0x0000014c   Code   RO         1921    i.DMA_Reset         at32f4xx_dma.o
    0x08002b38   0x08002b38   0x00000018   Code   RO         8434    i.DealWithKey       dispkey.o
    0x08002b50   0x08002b50   0x00000050   Code   RO         8967    i.DealWithVari      dwin_com_pro.o
    0x08002ba0   0x08002ba0   0x00000002   Code   RO          323    i.DebugMon_Handler  at32f4xx_it.o
    0x08002ba2   0x08002ba2   0x0000001a   Code   RO         8217    i.DelayMS           spi_flash.o
    0x08002bbc   0x08002bbc   0x00000088   Code   RO         8968    i.Dis_SYSShowTime   dwin_com_pro.o
    0x08002c44   0x08002c44   0x00000060   Code   RO         8921    i.Dis_ShowCopy      dispshowstatus.o
    0x08002ca4   0x08002ca4   0x00000060   Code   RO         8922    i.Dis_ShowStatus    dispshowstatus.o
    0x08002d04   0x08002d04   0x00000090   Code   RO         8969    i.Dis_ShowTime      dwin_com_pro.o
    0x08002d94   0x08002d94   0x00000060   Code   RO         8923    i.Dis_Showstop_reason  dispshowstatus.o
    0x08002df4   0x08002df4   0x00000170   Code   RO         8970    i.DispShow_NetState  dwin_com_pro.o
    0x08002f64   0x08002f64   0x0000018c   Code   RO         8971    i.DispShow_Recode   dwin_com_pro.o
    0x080030f0   0x080030f0   0x00000028   Code   RO         8972    i.Disp_ShowRTC      dwin_com_pro.o
    0x08003118   0x08003118   0x0000002c   Code   RO         8973    i.Disp_Showsettime  dwin_com_pro.o
    0x08003144   0x08003144   0x00000048   Code   RO         8684    i.DisplayCommonMenu  dispkeyfunction.o
    0x0800318c   0x0800318c   0x0000000c   Code   RO         9285    i.Dwin_FrameHead    dwinprotocol.o
    0x08003198   0x08003198   0x00000016   Code   RO         2004    i.ERTC_Bcd2ToByte   at32f4xx_ertc.o
    0x080031ae   0x080031ae   0x0000001c   Code   RO         2006    i.ERTC_ByteToBcd2   at32f4xx_ertc.o
    0x080031ca   0x080031ca   0x00000002   PAD
    0x080031cc   0x080031cc   0x000000a0   Code   RO         6225    i.ERTC_Config       ertc.o
    0x0800326c   0x0800326c   0x00000050   Code   RO         2015    i.ERTC_EnterInitMode  at32f4xx_ertc.o
    0x080032bc   0x080032bc   0x00000014   Code   RO         2016    i.ERTC_ExitInitMode  at32f4xx_ertc.o
    0x080032d0   0x080032d0   0x00000060   Code   RO         2019    i.ERTC_GetDateValue  at32f4xx_ertc.o
    0x08003330   0x08003330   0x00000064   Code   RO         2026    i.ERTC_GetTimeValue  at32f4xx_ertc.o
    0x08003394   0x08003394   0x00000064   Code   RO         2028    i.ERTC_INTConfig    at32f4xx_ertc.o
    0x080033f8   0x080033f8   0x00000064   Code   RO         2029    i.ERTC_Init         at32f4xx_ertc.o
    0x0800345c   0x0800345c   0x00000020   Code   RO         2032    i.ERTC_ReadBackupRegister  at32f4xx_ertc.o
    0x0800347c   0x0800347c   0x000000c8   Code   RO         2036    i.ERTC_SetDateValue  at32f4xx_ertc.o
    0x08003544   0x08003544   0x000000d0   Code   RO         2037    i.ERTC_SetTimeValue  at32f4xx_ertc.o
    0x08003614   0x08003614   0x00000048   Code   RO         6226    i.ERTC_TimeRegulate  ertc.o
    0x0800365c   0x0800365c   0x0000001c   Code   RO         6227    i.ERTC_TimeShow     ertc.o
    0x08003678   0x08003678   0x00000046   Code   RO         6228    i.ERTC_TimeStampConfig  ertc.o
    0x080036be   0x080036be   0x00000002   PAD
    0x080036c0   0x080036c0   0x00000060   Code   RO         2053    i.ERTC_WaitForSynchro  at32f4xx_ertc.o
    0x08003720   0x08003720   0x0000001c   Code   RO         2056    i.ERTC_WriteBackupRegister  at32f4xx_ertc.o
    0x0800373c   0x0800373c   0x00000094   Code   RO         6308    i.EXTI_Init         at32f4xx_exti.o
    0x080037d0   0x080037d0   0x00000034   Code   RO         8974    i.Electric_charing  dwin_com_pro.o
    0x08003804   0x08003804   0x00000168   Code   RO         8220    i.FLASH_Init        spi_flash.o
    0x0800396c   0x0800396c   0x000000e8   Code   RO         7644    i.Fream66Send       frame66.o
    0x08003a54   0x08003a54   0x00000024   Code   RO         6182    i.GPIO_Configuration  adc.o
    0x08003a78   0x08003a78   0x00000116   Code   RO          459    i.GPIO_Init         at32f4xx_gpio.o
    0x08003b8e   0x08003b8e   0x00000002   PAD
    0x08003b90   0x08003b90   0x000003f4   Code   RO          461    i.GPIO_PinsRemapConfig  at32f4xx_gpio.o
    0x08003f84   0x08003f84   0x00000012   Code   RO          463    i.GPIO_ReadInputDataBit  at32f4xx_gpio.o
    0x08003f96   0x08003f96   0x00000004   Code   RO          467    i.GPIO_ResetBits    at32f4xx_gpio.o
    0x08003f9a   0x08003f9a   0x00000004   Code   RO          468    i.GPIO_SetBits      at32f4xx_gpio.o
    0x08003f9e   0x08003f9e   0x00000010   Code   RO          469    i.GPIO_StructInit   at32f4xx_gpio.o
    0x08003fae   0x08003fae   0x00000002   PAD
    0x08003fb0   0x08003fb0   0x0000000c   Code   RO         8685    i.GetCurMenu        dispkeyfunction.o
    0x08003fbc   0x08003fbc   0x00000078   Code   RO         6727    i.HLW8112DataDispose  chtask.o
    0x08004034   0x08004034   0x000000bc   Code   RO         6728    i.HLW8112_Dispose   chtask.o
    0x080040f0   0x080040f0   0x0000009c   Code   RO         5917    i.HLW8112_Measure   hlw8112-spi.o
    0x0800418c   0x0800418c   0x00000048   Code   RO         5918    i.HLW8112_SPI_ReadByte  hlw8112-spi.o
    0x080041d4   0x080041d4   0x0000000c   Code   RO         5919    i.HLW8112_SPI_ReadReg  hlw8112-spi.o
    0x080041e0   0x080041e0   0x00000050   Code   RO         5920    i.HLW8112_SPI_WriteByte  hlw8112-spi.o
    0x08004230   0x08004230   0x00000010   Code   RO         5921    i.HLW8112_SPI_WriteReg  hlw8112-spi.o
    0x08004240   0x08004240   0x00000034   Code   RO         5922    i.HLW8112_WriteREG_DIS  hlw8112-spi.o
    0x08004274   0x08004274   0x00000034   Code   RO         5923    i.HLW8112_WriteREG_EN  hlw8112-spi.o
    0x080042a8   0x080042a8   0x00000002   Code   RO         8686    i.HYDisplayMenu1    dispkeyfunction.o
    0x080042aa   0x080042aa   0x00000002   Code   RO         8687    i.HYDisplayMenu10   dispkeyfunction.o
    0x080042ac   0x080042ac   0x00000002   Code   RO         8688    i.HYDisplayMenu11   dispkeyfunction.o
    0x080042ae   0x080042ae   0x00000002   Code   RO         8689    i.HYDisplayMenu12   dispkeyfunction.o
    0x080042b0   0x080042b0   0x00000002   Code   RO         8690    i.HYDisplayMenu13   dispkeyfunction.o
    0x080042b2   0x080042b2   0x00000002   Code   RO         8691    i.HYDisplayMenu14   dispkeyfunction.o
    0x080042b4   0x080042b4   0x00000002   Code   RO         8692    i.HYDisplayMenu15   dispkeyfunction.o
    0x080042b6   0x080042b6   0x00000002   Code   RO         8693    i.HYDisplayMenu16   dispkeyfunction.o
    0x080042b8   0x080042b8   0x00000002   Code   RO         8694    i.HYDisplayMenu17   dispkeyfunction.o
    0x080042ba   0x080042ba   0x00000002   Code   RO         8695    i.HYDisplayMenu18   dispkeyfunction.o
    0x080042bc   0x080042bc   0x00000002   Code   RO         8696    i.HYDisplayMenu19   dispkeyfunction.o
    0x080042be   0x080042be   0x00000002   Code   RO         8697    i.HYDisplayMenu2    dispkeyfunction.o
    0x080042c0   0x080042c0   0x00000002   Code   RO         8698    i.HYDisplayMenu20   dispkeyfunction.o
    0x080042c2   0x080042c2   0x00000002   Code   RO         8699    i.HYDisplayMenu21   dispkeyfunction.o
    0x080042c4   0x080042c4   0x00000002   Code   RO         8700    i.HYDisplayMenu22   dispkeyfunction.o
    0x080042c6   0x080042c6   0x00000002   Code   RO         8701    i.HYDisplayMenu23   dispkeyfunction.o
    0x080042c8   0x080042c8   0x00000002   Code   RO         8702    i.HYDisplayMenu24   dispkeyfunction.o
    0x080042ca   0x080042ca   0x00000002   Code   RO         8703    i.HYDisplayMenu25   dispkeyfunction.o
    0x080042cc   0x080042cc   0x00000002   Code   RO         8704    i.HYDisplayMenu26   dispkeyfunction.o
    0x080042ce   0x080042ce   0x00000002   Code   RO         8705    i.HYDisplayMenu27   dispkeyfunction.o
    0x080042d0   0x080042d0   0x00000002   Code   RO         8706    i.HYDisplayMenu28   dispkeyfunction.o
    0x080042d2   0x080042d2   0x00000002   Code   RO         8707    i.HYDisplayMenu3    dispkeyfunction.o
    0x080042d4   0x080042d4   0x00000002   Code   RO         8708    i.HYDisplayMenu30   dispkeyfunction.o
    0x080042d6   0x080042d6   0x00000002   Code   RO         8709    i.HYDisplayMenu31   dispkeyfunction.o
    0x080042d8   0x080042d8   0x00000002   Code   RO         8710    i.HYDisplayMenu32   dispkeyfunction.o
    0x080042da   0x080042da   0x00000002   Code   RO         8711    i.HYDisplayMenu33   dispkeyfunction.o
    0x080042dc   0x080042dc   0x00000002   Code   RO         8712    i.HYDisplayMenu34   dispkeyfunction.o
    0x080042de   0x080042de   0x00000002   Code   RO         8713    i.HYDisplayMenu35   dispkeyfunction.o
    0x080042e0   0x080042e0   0x00000002   Code   RO         8714    i.HYDisplayMenu36   dispkeyfunction.o
    0x080042e2   0x080042e2   0x00000002   Code   RO         8715    i.HYDisplayMenu4    dispkeyfunction.o
    0x080042e4   0x080042e4   0x00000002   Code   RO         8716    i.HYDisplayMenu5    dispkeyfunction.o
    0x080042e6   0x080042e6   0x00000002   Code   RO         8717    i.HYDisplayMenu6    dispkeyfunction.o
    0x080042e8   0x080042e8   0x00000002   Code   RO         8718    i.HYDisplayMenu7    dispkeyfunction.o
    0x080042ea   0x080042ea   0x00000002   Code   RO         8719    i.HYDisplayMenu8    dispkeyfunction.o
    0x080042ec   0x080042ec   0x00000002   Code   RO         8720    i.HYDisplayMenu9    dispkeyfunction.o
    0x080042ee   0x080042ee   0x00000002   PAD
    0x080042f0   0x080042f0   0x00000088   Code   RO         8435    i.HYKeyEvent1       dispkey.o
    0x08004378   0x08004378   0x0000002c   Code   RO         8436    i.HYKeyEvent10      dispkey.o
    0x080043a4   0x080043a4   0x0000002c   Code   RO         8437    i.HYKeyEvent11      dispkey.o
    0x080043d0   0x080043d0   0x0000002c   Code   RO         8438    i.HYKeyEvent12      dispkey.o
    0x080043fc   0x080043fc   0x0000008c   Code   RO         8439    i.HYKeyEvent13      dispkey.o
    0x08004488   0x08004488   0x000000b8   Code   RO         8440    i.HYKeyEvent14      dispkey.o
    0x08004540   0x08004540   0x00000030   Code   RO         8441    i.HYKeyEvent15      dispkey.o
    0x08004570   0x08004570   0x000000ac   Code   RO         8442    i.HYKeyEvent16      dispkey.o
    0x0800461c   0x0800461c   0x00000074   Code   RO         8443    i.HYKeyEvent17      dispkey.o
    0x08004690   0x08004690   0x00000074   Code   RO         8444    i.HYKeyEvent18      dispkey.o
    0x08004704   0x08004704   0x00000074   Code   RO         8445    i.HYKeyEvent19      dispkey.o
    0x08004778   0x08004778   0x00000030   Code   RO         8446    i.HYKeyEvent2       dispkey.o
    0x080047a8   0x080047a8   0x00000074   Code   RO         8447    i.HYKeyEvent20      dispkey.o
    0x0800481c   0x0800481c   0x00000020   Code   RO         8448    i.HYKeyEvent21      dispkey.o
    0x0800483c   0x0800483c   0x00000020   Code   RO         8449    i.HYKeyEvent22      dispkey.o
    0x0800485c   0x0800485c   0x00000020   Code   RO         8450    i.HYKeyEvent23      dispkey.o
    0x0800487c   0x0800487c   0x00000020   Code   RO         8451    i.HYKeyEvent24      dispkey.o
    0x0800489c   0x0800489c   0x00000044   Code   RO         8452    i.HYKeyEvent25      dispkey.o
    0x080048e0   0x080048e0   0x00000018   Code   RO         8453    i.HYKeyEvent26      dispkey.o
    0x080048f8   0x080048f8   0x00000038   Code   RO         8454    i.HYKeyEvent27      dispkey.o
    0x08004930   0x08004930   0x0000002c   Code   RO         8455    i.HYKeyEvent28      dispkey.o
    0x0800495c   0x0800495c   0x00000040   Code   RO         8456    i.HYKeyEvent3       dispkey.o
    0x0800499c   0x0800499c   0x00000048   Code   RO         8457    i.HYKeyEvent30      dispkey.o
    0x080049e4   0x080049e4   0x00000038   Code   RO         8458    i.HYKeyEvent31      dispkey.o
    0x08004a1c   0x08004a1c   0x00000028   Code   RO         8459    i.HYKeyEvent32      dispkey.o
    0x08004a44   0x08004a44   0x00000028   Code   RO         8460    i.HYKeyEvent33      dispkey.o
    0x08004a6c   0x08004a6c   0x00000028   Code   RO         8461    i.HYKeyEvent34      dispkey.o
    0x08004a94   0x08004a94   0x00000028   Code   RO         8462    i.HYKeyEvent35      dispkey.o
    0x08004abc   0x08004abc   0x00000028   Code   RO         8463    i.HYKeyEvent36      dispkey.o
    0x08004ae4   0x08004ae4   0x00000002   Code   RO         8464    i.HYKeyEvent4       dispkey.o
    0x08004ae6   0x08004ae6   0x00000002   PAD
    0x08004ae8   0x08004ae8   0x00000020   Code   RO         8465    i.HYKeyEvent5       dispkey.o
    0x08004b08   0x08004b08   0x00000020   Code   RO         8466    i.HYKeyEvent6       dispkey.o
    0x08004b28   0x08004b28   0x0000002c   Code   RO         8467    i.HYKeyEvent7       dispkey.o
    0x08004b54   0x08004b54   0x0000002c   Code   RO         8468    i.HYKeyEvent8       dispkey.o
    0x08004b80   0x08004b80   0x0000002c   Code   RO         8469    i.HYKeyEvent9       dispkey.o
    0x08004bac   0x08004bac   0x00000070   Code   RO          324    i.HardFault_Handler  at32f4xx_it.o
    0x08004c1c   0x08004c1c   0x00000024   Code   RO            7    i.IWDG_Config       main.o
    0x08004c40   0x08004c40   0x00000010   Code   RO         3003    i.IWDG_Enable       at32f4xx_iwdg.o
    0x08004c50   0x08004c50   0x0000000c   Code   RO         3005    i.IWDG_KeyRegWrite  at32f4xx_iwdg.o
    0x08004c5c   0x08004c5c   0x00000010   Code   RO         3006    i.IWDG_ReloadCounter  at32f4xx_iwdg.o
    0x08004c6c   0x08004c6c   0x0000000c   Code   RO         3007    i.IWDG_SetPrescaler  at32f4xx_iwdg.o
    0x08004c78   0x08004c78   0x0000000c   Code   RO         3008    i.IWDG_SetReload    at32f4xx_iwdg.o
    0x08004c84   0x08004c84   0x000001fc   Code   RO         5924    i.Init_HLW8112      hlw8112-spi.o
    0x08004e80   0x08004e80   0x000000c0   Code   RO         7645    i.JM_SendFrameDispose  frame66.o
    0x08004f40   0x08004f40   0x000002b8   Code   RO         5925    i.Judge_CheckSum_HLW8112_Calfactor  hlw8112-spi.o
    0x080051f8   0x080051f8   0x00000038   Code   RO            9    i.JumpToProgramCode  main.o
    0x08005230   0x08005230   0x00000010   Code   RO         9289    i.LCD_SendBufLenClear  dwinprotocol.o
    0x08005240   0x08005240   0x0000002c   Code   RO         9290    i.LCD_SendByteToBuf  dwinprotocol.o
    0x0800526c   0x0800526c   0x00000018   Code   RO         9291    i.LCD_SendFourBytes  dwinprotocol.o
    0x08005284   0x08005284   0x0000002c   Code   RO         9292    i.LCD_SendToUart    dwinprotocol.o
    0x080052b0   0x080052b0   0x00000012   Code   RO         9293    i.LCD_SendTwoBytes  dwinprotocol.o
    0x080052c2   0x080052c2   0x00000002   PAD
    0x080052c4   0x080052c4   0x000001c8   Code   RO         5879    i.Mcu_Io_Init       device.o
    0x0800548c   0x0800548c   0x00000004   Code   RO          325    i.MemManage_Handler  at32f4xx_it.o
    0x08005490   0x08005490   0x00000012   Code   RO         3432    i.Mem_Clr           lib_mem.o
    0x080054a2   0x080054a2   0x00000054   Code   RO         3448    i.Mem_Set           lib_mem.o
    0x080054f6   0x080054f6   0x00000002   PAD
    0x080054f8   0x080054f8   0x00000114   Code   RO         7254    i.ModuleSIM7600_ConnectServer  modulea7680c.o
    0x0800560c   0x0800560c   0x00000150   Code   RO         7256    i.ModuleSIM7600_SendData  modulea7680c.o
    0x0800575c   0x0800575c   0x000000a4   Code   RO         7257    i.Module_ConnectServer  modulea7680c.o
    0x08005800   0x08005800   0x00000360   Code   RO         7258    i.Module_HTTPDownload  modulea7680c.o
    0x08005b60   0x08005b60   0x000002d0   Code   RO         7259    i.Module_SIM7600Test  modulea7680c.o
    0x08005e30   0x08005e30   0x00000060   Code   RO         8975    i.Munu12_CodeDispose  dwin_com_pro.o
    0x08005e90   0x08005e90   0x000000a4   Code   RO         8976    i.Munu13_DevnumDispose  dwin_com_pro.o
    0x08005f34   0x08005f34   0x0000005c   Code   RO         8977    i.Munu13_IP1Sert    dwin_com_pro.o
    0x08005f90   0x08005f90   0x00000060   Code   RO         8978    i.Munu13_IP2Sert    dwin_com_pro.o
    0x08005ff0   0x08005ff0   0x00000060   Code   RO         8979    i.Munu13_IP3Sert    dwin_com_pro.o
    0x08006050   0x08006050   0x00000060   Code   RO         8980    i.Munu13_IP4Sert    dwin_com_pro.o
    0x080060b0   0x080060b0   0x00000044   Code   RO         8981    i.Munu13_PortSert   dwin_com_pro.o
    0x080060f4   0x080060f4   0x00000154   Code   RO         8982    i.Munu13_ShowSysInfo  dwin_com_pro.o
    0x08006248   0x08006248   0x000000dc   Code   RO         8983    i.Munu13_ZFDevnumDispose  dwin_com_pro.o
    0x08006324   0x08006324   0x00000828   Code   RO         8984    i.Munu27_ShowSysInfo  dwin_com_pro.o
    0x08006b4c   0x08006b4c   0x00000002   Code   RO          326    i.NMI_Handler       at32f4xx_it.o
    0x08006b4e   0x08006b4e   0x00000002   PAD
    0x08006b50   0x08006b50   0x00000070   Code   RO         1017    i.NVIC_Init         misc.o
    0x08006bc0   0x08006bc0   0x00000014   Code   RO         1018    i.NVIC_PriorityGroupConfig  misc.o
    0x08006bd4   0x08006bd4   0x00000002   Code   RO         3701    i.OSCfg_Init        os_cfg_app.o
    0x08006bd6   0x08006bd6   0x00000002   PAD
    0x08006bd8   0x08006bd8   0x00000014   Code   RO         3190    i.OSIdleTaskHook    os_cpu_c.o
    0x08006bec   0x08006bec   0x00000164   Code   RO         3724    i.OSInit            os_core.o
    0x08006d50   0x08006d50   0x00000028   Code   RO         3191    i.OSInitHook        os_cpu_c.o
    0x08006d78   0x08006d78   0x0000002c   Code   RO         3725    i.OSIntEnter        os_core.o
    0x08006da4   0x08006da4   0x000000dc   Code   RO         3726    i.OSIntExit         os_core.o
    0x08006e80   0x08006e80   0x00000088   Code   RO         4117    i.OSMutexCreate     os_mutex.o
    0x08006f08   0x08006f08   0x00000250   Code   RO         4119    i.OSMutexPend       os_mutex.o
    0x08007158   0x08007158   0x00000174   Code   RO         4121    i.OSMutexPost       os_mutex.o
    0x080072cc   0x080072cc   0x00000090   Code   RO         4220    i.OSQCreate         os_q.o
    0x0800735c   0x0800735c   0x000001d0   Code   RO         4223    i.OSQPend           os_q.o
    0x0800752c   0x0800752c   0x00000094   Code   RO         4225    i.OSQPost           os_q.o
    0x080075c0   0x080075c0   0x000000a0   Code   RO         3727    i.OSSched           os_core.o
    0x08007660   0x08007660   0x00000074   Code   RO         3728    i.OSSchedLock       os_core.o
    0x080076d4   0x080076d4   0x00000094   Code   RO         3729    i.OSSchedUnlock     os_core.o
    0x08007768   0x08007768   0x00000068   Code   RO         3730    i.OSStart           os_core.o
    0x080077d0   0x080077d0   0x00000128   Code   RO         4364    i.OSStatReset       os_stat.o
    0x080078f8   0x080078f8   0x000000f0   Code   RO         4365    i.OSStatTaskCPUUsageInit  os_stat.o
    0x080079e8   0x080079e8   0x00000014   Code   RO         3192    i.OSStatTaskHook    os_cpu_c.o
    0x080079fc   0x080079fc   0x0000019c   Code   RO         4395    i.OSTaskCreate      os_task.o
    0x08007b98   0x08007b98   0x00000018   Code   RO         3193    i.OSTaskCreateHook  os_cpu_c.o
    0x08007bb0   0x08007bb0   0x00000128   Code   RO         4396    i.OSTaskDel         os_task.o
    0x08007cd8   0x08007cd8   0x00000018   Code   RO         3194    i.OSTaskDelHook     os_cpu_c.o
    0x08007cf0   0x08007cf0   0x00000068   Code   RO         4404    i.OSTaskResume      os_task.o
    0x08007d58   0x08007d58   0x00000018   Code   RO         3195    i.OSTaskReturnHook  os_cpu_c.o
    0x08007d70   0x08007d70   0x000001dc   Code   RO         4405    i.OSTaskSemPend     os_task.o
    0x08007f4c   0x08007f4c   0x0000003e   Code   RO         4407    i.OSTaskSemPost     os_task.o
    0x08007f8a   0x08007f8a   0x00000002   PAD
    0x08007f8c   0x08007f8c   0x000000d4   Code   RO         4409    i.OSTaskStkChk      os_task.o
    0x08008060   0x08008060   0x000000c4   Code   RO         3196    i.OSTaskStkInit     os_cpu_c.o
    0x08008124   0x08008124   0x00000038   Code   RO         4410    i.OSTaskSuspend     os_task.o
    0x0800815c   0x0800815c   0x00000088   Code   RO         3197    i.OSTaskSwHook      os_cpu_c.o
    0x080081e4   0x080081e4   0x000000b8   Code   RO         4608    i.OSTimeDly         os_time.o
    0x0800829c   0x0800829c   0x00000034   Code   RO         4611    i.OSTimeGet         os_time.o
    0x080082d0   0x080082d0   0x00000044   Code   RO         4613    i.OSTimeTick        os_time.o
    0x08008314   0x08008314   0x00000018   Code   RO         3198    i.OSTimeTickHook    os_cpu_c.o
    0x0800832c   0x0800832c   0x00000030   Code   RO         3199    i.OS_CPU_SysTickInit  os_cpu_c.o
    0x0800835c   0x0800835c   0x000001a8   Code   RO         3940    i.OS_Dbg_Init       os_dbg.o
    0x08008504   0x08008504   0x00000018   Code   RO         3965    i.OS_FlagInit       os_flag.o
    0x0800851c   0x0800851c   0x00000044   Code   RO         3732    i.OS_IdleTask       os_core.o
    0x08008560   0x08008560   0x00000070   Code   RO         3733    i.OS_IdleTaskInit   os_core.o
    0x080085d0   0x080085d0   0x00000018   Code   RO         4049    i.OS_MemInit        os_mem.o
    0x080085e8   0x080085e8   0x0000007c   Code   RO         4081    i.OS_MsgPoolInit    os_msg.o
    0x08008664   0x08008664   0x00000044   Code   RO         4082    i.OS_MsgQFreeAll    os_msg.o
    0x080086a8   0x080086a8   0x00000068   Code   RO         4083    i.OS_MsgQGet        os_msg.o
    0x08008710   0x08008710   0x0000000e   Code   RO         4084    i.OS_MsgQInit       os_msg.o
    0x0800871e   0x0800871e   0x00000002   PAD
    0x08008720   0x08008720   0x00000104   Code   RO         4085    i.OS_MsgQPut        os_msg.o
    0x08008824   0x08008824   0x00000030   Code   RO         4123    i.OS_MutexDbgListAdd  os_mutex.o
    0x08008854   0x08008854   0x00000018   Code   RO         4125    i.OS_MutexInit      os_mutex.o
    0x0800886c   0x0800886c   0x00000068   Code   RO         3734    i.OS_Pend           os_core.o
    0x080088d4   0x080088d4   0x00000026   Code   RO         3737    i.OS_PendDataInit   os_core.o
    0x080088fa   0x080088fa   0x00000002   PAD
    0x080088fc   0x080088fc   0x0000005c   Code   RO         3738    i.OS_PendDbgNameAdd  os_core.o
    0x08008958   0x08008958   0x00000024   Code   RO         3739    i.OS_PendDbgNameRemove  os_core.o
    0x0800897c   0x0800897c   0x00000046   Code   RO         3740    i.OS_PendListChangePrio  os_core.o
    0x080089c2   0x080089c2   0x0000000a   Code   RO         3741    i.OS_PendListInit   os_core.o
    0x080089cc   0x080089cc   0x00000066   Code   RO         3743    i.OS_PendListInsertPrio  os_core.o
    0x08008a32   0x08008a32   0x00000030   Code   RO         3744    i.OS_PendListRemove  os_core.o
    0x08008a62   0x08008a62   0x00000042   Code   RO         3745    i.OS_PendListRemove1  os_core.o
    0x08008aa4   0x08008aa4   0x000000d6   Code   RO         3748    i.OS_Post           os_core.o
    0x08008b7a   0x08008b7a   0x0000002a   Code   RO         3749    i.OS_Post1          os_core.o
    0x08008ba4   0x08008ba4   0x00000028   Code   RO         4183    i.OS_PrioGetHighest  os_prio.o
    0x08008bcc   0x08008bcc   0x00000018   Code   RO         4184    i.OS_PrioInit       os_prio.o
    0x08008be4   0x08008be4   0x00000024   Code   RO         4185    i.OS_PrioInsert     os_prio.o
    0x08008c08   0x08008c08   0x00000024   Code   RO         4186    i.OS_PrioRemove     os_prio.o
    0x08008c2c   0x08008c2c   0x00000030   Code   RO         4227    i.OS_QDbgListAdd    os_q.o
    0x08008c5c   0x08008c5c   0x00000018   Code   RO         4229    i.OS_QInit          os_q.o
    0x08008c74   0x08008c74   0x000000be   Code   RO         4230    i.OS_QPost          os_q.o
    0x08008d32   0x08008d32   0x00000002   PAD
    0x08008d34   0x08008d34   0x00000024   Code   RO         3750    i.OS_RdyListInit    os_core.o
    0x08008d58   0x08008d58   0x0000002c   Code   RO         3751    i.OS_RdyListInsert  os_core.o
    0x08008d84   0x08008d84   0x00000040   Code   RO         3752    i.OS_RdyListInsertHead  os_core.o
    0x08008dc4   0x08008dc4   0x0000003c   Code   RO         3753    i.OS_RdyListInsertTail  os_core.o
    0x08008e00   0x08008e00   0x0000005c   Code   RO         3755    i.OS_RdyListRemove  os_core.o
    0x08008e5c   0x08008e5c   0x0000001c   Code   RO         3756    i.OS_SchedLockTimeMeasStart  os_core.o
    0x08008e78   0x08008e78   0x0000003c   Code   RO         3757    i.OS_SchedLockTimeMeasStop  os_core.o
    0x08008eb4   0x08008eb4   0x00000018   Code   RO         4301    i.OS_SemInit        os_sem.o
    0x08008ecc   0x08008ecc   0x000002e8   Code   RO         4366    i.OS_StatTask       os_stat.o
    0x080091b4   0x080091b4   0x000000cc   Code   RO         4367    i.OS_StatTaskInit   os_stat.o
    0x08009280   0x08009280   0x0000002c   Code   RO         3758    i.OS_TaskBlock      os_core.o
    0x080092ac   0x080092ac   0x00000030   Code   RO         4411    i.OS_TaskDbgListAdd  os_task.o
    0x080092dc   0x080092dc   0x00000044   Code   RO         4412    i.OS_TaskDbgListRemove  os_task.o
    0x08009320   0x08009320   0x00000020   Code   RO         4413    i.OS_TaskInit       os_task.o
    0x08009340   0x08009340   0x000000b4   Code   RO         4414    i.OS_TaskInitTCB    os_task.o
    0x080093f4   0x080093f4   0x00000100   Code   RO         4416    i.OS_TaskResume     os_task.o
    0x080094f4   0x080094f4   0x00000018   Code   RO         4417    i.OS_TaskReturn     os_task.o
    0x0800950c   0x0800950c   0x000001c4   Code   RO         4418    i.OS_TaskSemPost    os_task.o
    0x080096d0   0x080096d0   0x00000118   Code   RO         4419    i.OS_TaskSuspend    os_task.o
    0x080097e8   0x080097e8   0x00000086   Code   RO         4556    i.OS_TickListInsert  os_tick.o
    0x0800986e   0x0800986e   0x00000002   PAD
    0x08009870   0x08009870   0x000000bc   Code   RO         4557    i.OS_TickListInsertDly  os_tick.o
    0x0800992c   0x0800992c   0x00000058   Code   RO         4558    i.OS_TickListRemove  os_tick.o
    0x08009984   0x08009984   0x00000002   Code   RO         4559    i.OS_TickListResetPeak  os_tick.o
    0x08009986   0x08009986   0x00000002   PAD
    0x08009988   0x08009988   0x00000098   Code   RO         4560    i.OS_TickListUpdateDly  os_tick.o
    0x08009a20   0x08009a20   0x000000d4   Code   RO         4561    i.OS_TickListUpdateTimeout  os_tick.o
    0x08009af4   0x08009af4   0x00000070   Code   RO         4562    i.OS_TickTask       os_tick.o
    0x08009b64   0x08009b64   0x000000c8   Code   RO         4563    i.OS_TickTaskInit   os_tick.o
    0x08009c2c   0x08009c2c   0x00000134   Code   RO         4659    i.OS_TmrInit        os_tmr.o
    0x08009d60   0x08009d60   0x00000018   Code   RO         4660    i.OS_TmrLock        os_tmr.o
    0x08009d78   0x08009d78   0x00000002   Code   RO         4661    i.OS_TmrResetPeak   os_tmr.o
    0x08009d7a   0x08009d7a   0x00000002   PAD
    0x08009d7c   0x08009d7c   0x00000094   Code   RO         4662    i.OS_TmrTask        os_tmr.o
    0x08009e10   0x08009e10   0x00000044   Code   RO         4663    i.OS_TmrUnlink      os_tmr.o
    0x08009e54   0x08009e54   0x00000014   Code   RO         4664    i.OS_TmrUnlock      os_tmr.o
    0x08009e68   0x08009e68   0x0000000c   Code   RO         2359    i.PWR_BackupAccessCtrl  at32f4xx_pwr.o
    0x08009e74   0x08009e74   0x00000064   Code   RO         8985    i.Period_WriterFmBill  dwin_com_pro.o
    0x08009ed8   0x08009ed8   0x0000003e   Code   RO         9294    i.PraPerprintBackImage  dwinprotocol.o
    0x08009f16   0x08009f16   0x0000000e   Code   RO         6985    i.Pre4GBill         4gmain.o
    0x08009f24   0x08009f24   0x0000000c   Code   RO         9295    i.PrintBackImage    dwinprotocol.o
    0x08009f30   0x08009f30   0x00000028   Code   RO         9297    i.PrintIcon         dwinprotocol.o
    0x08009f58   0x08009f58   0x00000028   Code   RO         9299    i.PrintNum16uVariable  dwinprotocol.o
    0x08009f80   0x08009f80   0x00000028   Code   RO         9300    i.PrintNum32uVariable  dwinprotocol.o
    0x08009fa8   0x08009fa8   0x0000004e   Code   RO         9302    i.PrintStr          dwinprotocol.o
    0x08009ff6   0x08009ff6   0x00000002   PAD
    0x08009ff8   0x08009ff8   0x0000001c   Code   RO          584    i.RCC_ADCCLKConfig  at32f4xx_rcc.o
    0x0800a014   0x0800a014   0x00000020   Code   RO          586    i.RCC_AHBPeriphClockCmd  at32f4xx_rcc.o
    0x0800a034   0x0800a034   0x00000020   Code   RO          588    i.RCC_APB1PeriphClockCmd  at32f4xx_rcc.o
    0x0800a054   0x0800a054   0x00000020   Code   RO          591    i.RCC_APB2PeriphClockCmd  at32f4xx_rcc.o
    0x0800a074   0x0800a074   0x0000000c   Code   RO          593    i.RCC_BackupResetCmd  at32f4xx_rcc.o
    0x0800a080   0x0800a080   0x0000001e   Code   RO         6183    i.RCC_Configuration_  adc.o
    0x0800a09e   0x0800a09e   0x00000002   PAD
    0x0800a0a0   0x0800a0a0   0x0000000c   Code   RO          597    i.RCC_ERTCCLKCmd    at32f4xx_rcc.o
    0x0800a0ac   0x0800a0ac   0x00000010   Code   RO          598    i.RCC_ERTCCLKConfig  at32f4xx_rcc.o
    0x0800a0bc   0x0800a0bc   0x000002c8   Code   RO          599    i.RCC_GetClocksFreq  at32f4xx_rcc.o
    0x0800a384   0x0800a384   0x0000003c   Code   RO          600    i.RCC_GetFlagStatus  at32f4xx_rcc.o
    0x0800a3c0   0x0800a3c0   0x00000034   Code   RO          610    i.RCC_LSEConfig     at32f4xx_rcc.o
    0x0800a3f4   0x0800a3f4   0x000000c4   Code   RO          614    i.RCC_PLLFrefTableConfig  at32f4xx_rcc.o
    0x0800a4b8   0x0800a4b8   0x00000024   Code   RO          620    i.RCC_StepModeCmd   at32f4xx_rcc.o
    0x0800a4dc   0x0800a4dc   0x00000068   Code   RO         6986    i.ReSendBill        4gmain.o
    0x0800a544   0x0800a544   0x00000028   Code   RO         9306    i.ReadDwinVariable  dwinprotocol.o
    0x0800a56c   0x0800a56c   0x0000006c   Code   RO         8986    i.ReadFmBill        dwin_com_pro.o
    0x0800a5d8   0x0800a5d8   0x00000120   Code   RO         5927    i.Read_HLW8112_EA   hlw8112-spi.o
    0x0800a6f8   0x0800a6f8   0x00000090   Code   RO         5931    i.Read_HLW8112_PA_I  hlw8112-spi.o
    0x0800a788   0x0800a788   0x00000048   Code   RO         5935    i.Read_HLW8112_RegData  hlw8112-spi.o
    0x0800a7d0   0x0800a7d0   0x00000094   Code   RO         5936    i.Read_HLW8112_U    hlw8112-spi.o
    0x0800a864   0x0800a864   0x00000036   Code   RO         8987    i.Recordqueryinfo_WR  dwin_com_pro.o
    0x0800a89a   0x0800a89a   0x00000002   PAD
    0x0800a89c   0x0800a89c   0x00000038   Code   RO         7260    i.Recv_AT_CGDCONT_Ack  modulea7680c.o
    0x0800a8d4   0x0800a8d4   0x00000064   Code   RO         7261    i.Recv_AT_CIMI_Ack  modulea7680c.o
    0x0800a938   0x0800a938   0x00000038   Code   RO         7262    i.Recv_AT_CIPMODE_Ack  modulea7680c.o
    0x0800a970   0x0800a970   0x00000070   Code   RO         7263    i.Recv_AT_CSQ_Ack   modulea7680c.o
    0x0800a9e0   0x0800a9e0   0x000000f8   Code   RO         7264    i.Recv_AT_ConnectServer0Cmd_Ack  modulea7680c.o
    0x0800aad8   0x0800aad8   0x000000b0   Code   RO         7265    i.Recv_AT_ConnectServer0_Ack  modulea7680c.o
    0x0800ab88   0x0800ab88   0x000000c4   Code   RO         7266    i.Recv_AT_ConnectServer1Cmd_Ack  modulea7680c.o
    0x0800ac4c   0x0800ac4c   0x000000b0   Code   RO         7267    i.Recv_AT_ConnectServer1_Ack  modulea7680c.o
    0x0800acfc   0x0800acfc   0x00000020   Code   RO         7268    i.Recv_AT_EnterATCmd_Ack  modulea7680c.o
    0x0800ad1c   0x0800ad1c   0x00000078   Code   RO         7269    i.Recv_AT_IMEI_Ack  modulea7680c.o
    0x0800ad94   0x0800ad94   0x00000038   Code   RO         7270    i.Recv_AT_NETOPEN_Ack  modulea7680c.o
    0x0800adcc   0x0800adcc   0x000000e8   Code   RO         7271    i.Recv_AT_ReRecv0Cmd_Ack  modulea7680c.o
    0x0800aeb4   0x0800aeb4   0x000000e8   Code   RO         7272    i.Recv_AT_ReRecv1Cmd_Ack  modulea7680c.o
    0x0800af9c   0x0800af9c   0x00000058   Code   RO         7273    i.Recv_AT_SendAck0Cmd_Ack  modulea7680c.o
    0x0800aff4   0x0800aff4   0x00000058   Code   RO         7274    i.Recv_AT_SendAck1Cmd_Ack  modulea7680c.o
    0x0800b04c   0x0800b04c   0x00000038   Code   RO         7275    i.Recv_AT_SetReAct_Ack  modulea7680c.o
    0x0800b084   0x0800b084   0x00000014   Code   RO         7276    i.Recv_ActRecv0_Ack  modulea7680c.o
    0x0800b098   0x0800b098   0x00000014   Code   RO         7277    i.Recv_ActRecv1_Ack  modulea7680c.o
    0x0800b0ac   0x0800b0ac   0x00000044   Code   RO         7278    i.Recv_HttpConect_Ack  modulea7680c.o
    0x0800b0f0   0x0800b0f0   0x00000080   Code   RO         7279    i.Recv_HttpGet_Ack  modulea7680c.o
    0x0800b170   0x0800b170   0x00000044   Code   RO         7280    i.Recv_HttpStart_Ack  modulea7680c.o
    0x0800b1b4   0x0800b1b4   0x00000108   Code   RO         7281    i.Recv_ReadData_Ack  modulea7680c.o
    0x0800b2bc   0x0800b2bc   0x00000024   Code   RO         7282    i.Recv_ReadDone_Ack  modulea7680c.o
    0x0800b2e0   0x0800b2e0   0x00000016   Code   RO         7283    i.SIM7600CloseNet   modulea7680c.o
    0x0800b2f6   0x0800b2f6   0x00000002   PAD
    0x0800b2f8   0x0800b2f8   0x00000130   Code   RO         7284    i.SIM7600Reset      modulea7680c.o
    0x0800b428   0x0800b428   0x00000068   Code   RO         7285    i.SIM7600_RecvDesposeCmd  modulea7680c.o
    0x0800b490   0x0800b490   0x0000004c   Code   RO         8229    i.SPI_FLASH_BufferRead  spi_flash.o
    0x0800b4dc   0x0800b4dc   0x0000008c   Code   RO         8230    i.SPI_FLASH_BufferWrite  spi_flash.o
    0x0800b568   0x0800b568   0x00000004   Code   RO         8233    i.SPI_FLASH_Detect  spi_flash.o
    0x0800b56c   0x0800b56c   0x0000005c   Code   RO         8234    i.SPI_FLASH_PageWrite  spi_flash.o
    0x0800b5c8   0x0800b5c8   0x0000003c   Code   RO         8235    i.SPI_FLASH_ReadByte  spi_flash.o
    0x0800b604   0x0800b604   0x00000048   Code   RO         8236    i.SPI_FLASH_ReadID  spi_flash.o
    0x0800b64c   0x0800b64c   0x00000044   Code   RO         8237    i.SPI_FLASH_SectorErase  spi_flash.o
    0x0800b690   0x0800b690   0x00000044   Code   RO         8238    i.SPI_FLASH_SendByte  spi_flash.o
    0x0800b6d4   0x0800b6d4   0x0000003c   Code   RO         8239    i.SPI_FLASH_WaitForWriteEnd  spi_flash.o
    0x0800b710   0x0800b710   0x00000020   Code   RO         8240    i.SPI_FLASH_WriteDisable  spi_flash.o
    0x0800b730   0x0800b730   0x00000020   Code   RO         8241    i.SPI_FLASH_WriteEnable  spi_flash.o
    0x0800b750   0x0800b750   0x00000054   Code   RO         8242    i.SPI_FLASH_WriteStatus  spi_flash.o
    0x0800b7a4   0x0800b7a4   0x00000034   Code   RO         7286    i.Send_AT_CGDCONT   modulea7680c.o
    0x0800b7d8   0x0800b7d8   0x00000024   Code   RO         7287    i.Send_AT_CIMI      modulea7680c.o
    0x0800b7fc   0x0800b7fc   0x00000088   Code   RO         7288    i.Send_AT_CIPCLOSE  modulea7680c.o
    0x0800b884   0x0800b884   0x00000028   Code   RO         7289    i.Send_AT_CIPMODE   modulea7680c.o
    0x0800b8ac   0x0800b8ac   0x00000080   Code   RO         7290    i.Send_AT_CIPRXGET  modulea7680c.o
    0x0800b92c   0x0800b92c   0x00000024   Code   RO         7291    i.Send_AT_CSQ       modulea7680c.o
    0x0800b950   0x0800b950   0x0000001c   Code   RO         7292    i.Send_AT_EnterATCmd  modulea7680c.o
    0x0800b96c   0x0800b96c   0x0000002c   Code   RO         7293    i.Send_AT_GET       modulea7680c.o
    0x0800b998   0x0800b998   0x00000028   Code   RO         7294    i.Send_AT_HTTPINIT  modulea7680c.o
    0x0800b9c0   0x0800b9c0   0x00000088   Code   RO         7295    i.Send_AT_HTTPPAR   modulea7680c.o
    0x0800ba48   0x0800ba48   0x000000a0   Code   RO         7296    i.Send_AT_HTTPPAR_PASSWORD  modulea7680c.o
    0x0800bae8   0x0800bae8   0x00000028   Code   RO         7297    i.Send_AT_HTTPTERM  modulea7680c.o
    0x0800bb10   0x0800bb10   0x00000028   Code   RO         7298    i.Send_AT_NETCLOSE  modulea7680c.o
    0x0800bb38   0x0800bb38   0x00000028   Code   RO         7299    i.Send_AT_NETOPEN   modulea7680c.o
    0x0800bb60   0x0800bb60   0x00000028   Code   RO         7300    i.Send_AT_NOTCIPMODE  modulea7680c.o
    0x0800bb88   0x0800bb88   0x00000080   Code   RO         7301    i.Send_AT_READ      modulea7680c.o
    0x0800bc08   0x0800bc08   0x00000024   Code   RO         7302    i.Send_AT_ReadIMEI  modulea7680c.o
    0x0800bc2c   0x0800bc2c   0x00000028   Code   RO         7303    i.Send_AT_SetCIPRXGET  modulea7680c.o
    0x0800bc54   0x0800bc54   0x00000008   Code   RO          398    i.SetSysClock       system_at32f4xx.o
    0x0800bc5c   0x0800bc5c   0x0000011c   Code   RO          399    i.SetSysClockTo144M  system_at32f4xx.o
    0x0800bd78   0x0800bd78   0x0000002a   Code   RO         9310    i.SetVariColor      dwinprotocol.o
    0x0800bda2   0x0800bda2   0x00000002   PAD
    0x0800bda4   0x0800bda4   0x000000f8   Code   RO         5940    i.Set_V_Zero        hlw8112-spi.o
    0x0800be9c   0x0800be9c   0x000000c4   Code   RO         5941    i.Set_underVoltage  hlw8112-spi.o
    0x0800bf60   0x0800bf60   0x00000090   Code   RO         8245    i.Spi_Flash_Io_Init  spi_flash.o
    0x0800bff0   0x0800bff0   0x00000020   Code   RO         8989    i.StoreRecodeCurNum  dwin_com_pro.o
    0x0800c010   0x0800c010   0x00000052   Code   RO         8990    i.StrToHex          dwin_com_pro.o
    0x0800c062   0x0800c062   0x000000ea   Code   RO         7646    i.StringToHex       frame66.o
    0x0800c14c   0x0800c14c   0x0000000a   Code   RO         6835    i.Swap              cp.o
    0x0800c156   0x0800c156   0x00000028   Code   RO         1021    i.SysTick_CLKSourceConfig  misc.o
    0x0800c17e   0x0800c17e   0x00000002   PAD
    0x0800c180   0x0800c180   0x0000003c   Code   RO         5817    i.SysTick_Handler   delay.o
    0x0800c1bc   0x0800c1bc   0x0000009c   Code   RO          401    i.SystemInit        system_at32f4xx.o
    0x0800c258   0x0800c258   0x0000004c   Code   RO         5880    i.SystemReset       device.o
    0x0800c2a4   0x0800c2a4   0x000000a8   Code   RO         6102    i.TIM2_PWM_Conrtol  timer.o
    0x0800c34c   0x0800c34c   0x00000060   Code   RO         6103    i.TIM3_Int_Init     timer.o
    0x0800c3ac   0x0800c3ac   0x00000060   Code   RO         6104    i.TIM4_Int_Init     timer.o
    0x0800c40c   0x0800c40c   0x00000074   Code   RO         6105    i.TMR3_GLOBAL_IRQHandler  timer.o
    0x0800c480   0x0800c480   0x0000004c   Code   RO         6106    i.TMR4_GLOBAL_IRQHandler  timer.o
    0x0800c4cc   0x0800c4cc   0x00000018   Code   RO         2453    i.TMR_Cmd           at32f4xx_tim.o
    0x0800c4e4   0x0800c4e4   0x00000094   Code   RO         2487    i.TMR_OC2Init       at32f4xx_tim.o
    0x0800c578   0x0800c578   0x0000001a   Code   RO         2490    i.TMR_OC2PreloadConfig  at32f4xx_tim.o
    0x0800c592   0x0800c592   0x00000014   Code   RO         2500    i.TMR_OCStructInit  at32f4xx_tim.o
    0x0800c5a6   0x0800c5a6   0x00000002   PAD
    0x0800c5a8   0x0800c5a8   0x00000058   Code   RO         2525    i.TMR_TimeBaseInit  at32f4xx_tim.o
    0x0800c600   0x0800c600   0x00000012   Code   RO         2526    i.TMR_TimeBaseStructInit  at32f4xx_tim.o
    0x0800c612   0x0800c612   0x00000002   PAD
    0x0800c614   0x0800c614   0x00000034   Code   RO         8991    i.Time_charging     dwin_com_pro.o
    0x0800c648   0x0800c648   0x0000007c   Code   RO         8992    i.Timing_charging   dwin_com_pro.o
    0x0800c6c4   0x0800c6c4   0x000000a8   Code   RO         5650    i.UART14Ginit       uart1.o
    0x0800c76c   0x0800c76c   0x0000001a   Code   RO         5651    i.UART1SENDBUF      uart1.o
    0x0800c786   0x0800c786   0x00000002   PAD
    0x0800c788   0x0800c788   0x0000001c   Code   RO         5652    i.UART1SendByte     uart1.o
    0x0800c7a4   0x0800c7a4   0x000000a4   Code   RO         5725    i.UART2Dispinit     uart2.o
    0x0800c848   0x0800c848   0x0000001a   Code   RO         5726    i.UART2SENDBUF      uart2.o
    0x0800c862   0x0800c862   0x00000002   PAD
    0x0800c864   0x0800c864   0x0000001c   Code   RO         5727    i.UART2SendByte     uart2.o
    0x0800c880   0x0800c880   0x00000050   Code   RO         6988    i.UART_4GWrite      4gmain.o
    0x0800c8d0   0x0800c8d0   0x00000098   Code   RO         3071    i.UART_Print_Init   at32_board.o
    0x0800c968   0x0800c968   0x00000044   Code   RO         7647    i.UDIDCountDispose  frame66.o
    0x0800c9ac   0x0800c9ac   0x00000054   Code   RO         5653    i.USART1_IRQHandler  uart1.o
    0x0800ca00   0x0800ca00   0x00000034   Code   RO         5654    i.USART1_RecvDispose  uart1.o
    0x0800ca34   0x0800ca34   0x00000054   Code   RO         5728    i.USART2_IRQHandler  uart2.o
    0x0800ca88   0x0800ca88   0x00000028   Code   RO         5729    i.USART2_RecvDispose  uart2.o
    0x0800cab0   0x0800cab0   0x0000001e   Code   RO          838    i.USART_ClearITPendingBit  at32f4xx_usart.o
    0x0800cace   0x0800cace   0x00000018   Code   RO          841    i.USART_Cmd         at32f4xx_usart.o
    0x0800cae6   0x0800cae6   0x0000001a   Code   RO          843    i.USART_GetFlagStatus  at32f4xx_usart.o
    0x0800cb00   0x0800cb00   0x00000054   Code   RO          844    i.USART_GetITStatus  at32f4xx_usart.o
    0x0800cb54   0x0800cb54   0x0000004a   Code   RO          846    i.USART_INTConfig   at32f4xx_usart.o
    0x0800cb9e   0x0800cb9e   0x00000002   PAD
    0x0800cba0   0x0800cba0   0x000000e8   Code   RO          847    i.USART_Init        at32f4xx_usart.o
    0x0800cc88   0x0800cc88   0x0000000a   Code   RO          852    i.USART_ReceiveData  at32f4xx_usart.o
    0x0800cc92   0x0800cc92   0x00000008   Code   RO          856    i.USART_SendData    at32f4xx_usart.o
    0x0800cc9a   0x0800cc9a   0x00000018   Code   RO          862    i.USART_StructInit  at32f4xx_usart.o
    0x0800ccb2   0x0800ccb2   0x00000004   Code   RO          327    i.UsageFault_Handler  at32f4xx_it.o
    0x0800ccb6   0x0800ccb6   0x00000002   PAD
    0x0800ccb8   0x0800ccb8   0x00000034   Code   RO         8994    i.WriterFmBill      dwin_com_pro.o
    0x0800ccec   0x0800ccec   0x00000260   Code   RO         7584    i.ZF_SendBill       zfframe.o
    0x0800cf4c   0x0800cf4c   0x000001f4   Code   RO         7585    i.ZF_SendDevState   zfframe.o
    0x0800d140   0x0800d140   0x000000c0   Code   RO         7586    i.ZF_SendFrameDispose  zfframe.o
    0x0800d200   0x0800d200   0x00000042   Code   RO         7587    i.ZF_SendHear       zfframe.o
    0x0800d242   0x0800d242   0x00000002   PAD
    0x0800d244   0x0800d244   0x000000b4   Code   RO         7588    i.ZF_SendRegister   zfframe.o
    0x0800d2f8   0x0800d2f8   0x00000042   Code   RO         7589    i.ZF_SendStartCharge  zfframe.o
    0x0800d33a   0x0800d33a   0x00000008   Code   RO         6989    i._4G_GetStartType  4gmain.o
    0x0800d342   0x0800d342   0x00000010   Code   RO         6990    i._4G_RecvFrameDispose  4gmain.o
    0x0800d352   0x0800d352   0x0000000a   Code   RO         6991    i._4G_SendBill      4gmain.o
    0x0800d35c   0x0800d35c   0x0000000a   Code   RO         6992    i._4G_SendFrameDispose  4gmain.o
    0x0800d366   0x0800d366   0x0000000a   Code   RO         6993    i._4G_SendOTA       4gmain.o
    0x0800d370   0x0800d370   0x00000004   Code   RO         6994    i._4G_SendQueryRate  4gmain.o
    0x0800d374   0x0800d374   0x00000006   Code   RO         6995    i._4G_SendRateAck   4gmain.o
    0x0800d37a   0x0800d37a   0x00000004   Code   RO         6996    i._4G_SendRateMode  4gmain.o
    0x0800d37e   0x0800d37e   0x0000000a   Code   RO         6997    i._4G_SendSetQR     4gmain.o
    0x0800d388   0x0800d388   0x0000000a   Code   RO         6998    i._4G_SendSetTimeAck  4gmain.o
    0x0800d392   0x0800d392   0x0000000a   Code   RO         6999    i._4G_SendStartAck  4gmain.o
    0x0800d39c   0x0800d39c   0x0000000a   Code   RO         7000    i._4G_SendStopAck   4gmain.o
    0x0800d3a6   0x0800d3a6   0x00000016   Code   RO         7001    i._4G_SetStartType  4gmain.o
    0x0800d3bc   0x0800d3bc   0x00000008   Code   RO         7648    i._66_GetBatchNum   frame66.o
    0x0800d3c4   0x0800d3c4   0x00000468   Code   RO         7649    i._66_PreBill       frame66.o
    0x0800d82c   0x0800d82c   0x00000030   Code   RO         7650    i._66_RecvBillAck   frame66.o
    0x0800d85c   0x0800d85c   0x00000006   Code   RO         7651    i._66_RecvBillQ     frame66.o
    0x0800d862   0x0800d862   0x00000002   PAD
    0x0800d864   0x0800d864   0x00000130   Code   RO         7652    i._66_RecvFrameDispose  frame66.o
    0x0800d994   0x0800d994   0x00000034   Code   RO         7653    i._66_RecvHeartAck  frame66.o
    0x0800d9c8   0x0800d9c8   0x0000003c   Code   RO         7654    i._66_RecvOTA       frame66.o
    0x0800da04   0x0800da04   0x00000050   Code   RO         7655    i._66_RecvRegisterAck  frame66.o
    0x0800da54   0x0800da54   0x0000000e   Code   RO         7656    i._66_RecvReset     frame66.o
    0x0800da62   0x0800da62   0x00000090   Code   RO         7657    i._66_RecvSetPower  frame66.o
    0x0800daf2   0x0800daf2   0x00000002   PAD
    0x0800daf4   0x0800daf4   0x00000038   Code   RO         7658    i._66_RecvSetQR     frame66.o
    0x0800db2c   0x0800db2c   0x00000120   Code   RO         7659    i._66_RecvSetTime   frame66.o
    0x0800dc4c   0x0800dc4c   0x00000120   Code   RO         7660    i._66_RecvStart     frame66.o
    0x0800dd6c   0x0800dd6c   0x0000003a   Code   RO         7661    i._66_RecvStop      frame66.o
    0x0800dda6   0x0800dda6   0x00000002   PAD
    0x0800dda8   0x0800dda8   0x00000168   Code   RO         7663    i._66_RestUpdataData  frame66.o
    0x0800df10   0x0800df10   0x000004dc   Code   RO         7664    i._66_SendBill      frame66.o
    0x0800e3ec   0x0800e3ec   0x0000004c   Code   RO         7665    i._66_SendBillData  frame66.o
    0x0800e438   0x0800e438   0x00000328   Code   RO         7666    i._66_SendDataGunACmd  frame66.o
    0x0800e760   0x0800e760   0x00000124   Code   RO         7667    i._66_SendHearGunACmd  frame66.o
    0x0800e884   0x0800e884   0x0000012c   Code   RO         7669    i._66_SendRegisterCmd  frame66.o
    0x0800e9b0   0x0800e9b0   0x00000398   Code   RO         7670    i._66_SendSJDataGunACmd  frame66.o
    0x0800ed48   0x0800ed48   0x00000094   Code   RO         7671    i._66_SendStartAck  frame66.o
    0x0800eddc   0x0800eddc   0x00000048   Code   RO         7672    i._66_SendStopAck   frame66.o
    0x0800ee24   0x0800ee24   0x00000028   Code   RO         7673    i._66_SetOTAAck     frame66.o
    0x0800ee4c   0x0800ee4c   0x0000002c   Code   RO         7674    i._66_SetQRAck      frame66.o
    0x0800ee78   0x0800ee78   0x00000028   Code   RO         7675    i._66_SetTimeAck    frame66.o
    0x0800eea0   0x0800eea0   0x00000020   Code   RO         9953    i.__0printf$8       mc_w.l(printf8.o)
    0x0800eec0   0x0800eec0   0x00000034   Code   RO         9954    i.__0snprintf$8     mc_w.l(printf8.o)
    0x0800eef4   0x0800eef4   0x00000008   Code   RO        10063    i.__aeabi_errno_addr  mc_w.l(errno.o)
    0x0800eefc   0x0800eefc   0x0000000e   Code   RO        10117    i.__scatterload_copy  mc_w.l(handlers.o)
    0x0800ef0a   0x0800ef0a   0x00000002   Code   RO        10118    i.__scatterload_null  mc_w.l(handlers.o)
    0x0800ef0c   0x0800ef0c   0x0000000e   Code   RO        10119    i.__scatterload_zeroinit  mc_w.l(handlers.o)
    0x0800ef1a   0x0800ef1a   0x00000002   PAD
    0x0800ef1c   0x0800ef1c   0x00000404   Code   RO         9960    i._printf_core      mc_w.l(printf8.o)
    0x0800f320   0x0800f320   0x00000024   Code   RO         9961    i._printf_post_padding  mc_w.l(printf8.o)
    0x0800f344   0x0800f344   0x0000002e   Code   RO         9962    i._printf_pre_padding  mc_w.l(printf8.o)
    0x0800f372   0x0800f372   0x00000016   Code   RO         9963    i._snputc           mc_w.l(printf8.o)
    0x0800f388   0x0800f388   0x000000e8   Code   RO         6184    i.adc_init          adc.o
    0x0800f470   0x0800f470   0x000000e0   Code   RO         9538    i.base64_encode     utils_hmac.o
    0x0800f550   0x0800f550   0x0000005c   Code   RO         6486    i.ch_charging       chproc.o
    0x0800f5ac   0x0800f5ac   0x00000054   Code   RO         6487    i.ch_cplt_func      chproc.o
    0x0800f600   0x0800f600   0x0000002c   Code   RO         6488    i.ch_ctl_disable    chproc.o
    0x0800f62c   0x0800f62c   0x0000002c   Code   RO         6489    i.ch_ctl_enable     chproc.o
    0x0800f658   0x0800f658   0x000000bc   Code   RO         6729    i.ch_cycle_get_8112  chtask.o
    0x0800f714   0x0800f714   0x00000058   Code   RO         6491    i.ch_fault_proc     chproc.o
    0x0800f76c   0x0800f76c   0x00000098   Code   RO         6730    i.ch_from_ctl_msg   chtask.o
    0x0800f804   0x0800f804   0x00000098   Code   RO         6731    i.ch_get_cp_state_info  chtask.o
    0x0800f89c   0x0800f89c   0x00000104   Code   RO         6836    i.ch_get_cp_volt    cp.o
    0x0800f9a0   0x0800f9a0   0x000000f4   Code   RO         6492    i.ch_info_update    chproc.o
    0x0800fa94   0x0800fa94   0x0000007c   Code   RO         6493    i.ch_insert_proc    chproc.o
    0x0800fb10   0x0800fb10   0x00000074   Code   RO         6494    i.ch_is_cp_off      chproc.o
    0x0800fb84   0x0800fb84   0x00000082   Code   RO         6495    i.ch_is_end_condition  chproc.o
    0x0800fc06   0x0800fc06   0x0000000e   Code   RO         6496    i.ch_is_fault       chproc.o
    0x0800fc14   0x0800fc14   0x0000002c   Code   RO         6497    i.ch_is_insert      chproc.o
    0x0800fc40   0x0800fc40   0x00000084   Code   RO         6500    i.ch_is_low_current_9V  chproc.o
    0x0800fcc4   0x0800fcc4   0x0000008c   Code   RO         6501    i.ch_is_over_current  chproc.o
    0x0800fd50   0x0800fd50   0x0000008c   Code   RO         6502    i.ch_is_over_volt   chproc.o
    0x0800fddc   0x0800fddc   0x00000074   Code   RO         6503    i.ch_is_start       chproc.o
    0x0800fe50   0x0800fe50   0x000000fc   Code   RO         6504    i.ch_is_stp         chproc.o
    0x0800ff4c   0x0800ff4c   0x00000060   Code   RO         6505    i.ch_is_under_cp9v  chproc.o
    0x0800ffac   0x0800ffac   0x0000008c   Code   RO         6506    i.ch_is_under_volt  chproc.o
    0x08010038   0x08010038   0x00000018   Code   RO         6507    i.ch_jump_new_stat  chproc.o
    0x08010050   0x08010050   0x00000056   Code   RO         6508    i.ch_loop_proc      chproc.o
    0x080100a6   0x080100a6   0x00000002   PAD
    0x080100a8   0x080100a8   0x00000074   Code   RO         6732    i.ch_msg_proc       chtask.o
    0x0801011c   0x0801011c   0x00000024   Code   RO         6509    i.ch_precharge      chproc.o
    0x08010140   0x08010140   0x0000005e   Code   RO         6510    i.ch_standy_proc    chproc.o
    0x0801019e   0x0801019e   0x00000002   PAD
    0x080101a0   0x080101a0   0x000000a0   Code   RO         6511    i.ch_start_func     chproc.o
    0x08010240   0x08010240   0x0000003e   Code   RO         6512    i.ch_stop_func      chproc.o
    0x0801027e   0x0801027e   0x00000002   PAD
    0x08010280   0x08010280   0x00000014   Code   RO         6733    i.ch_task_cycle_proc  chtask.o
    0x08010294   0x08010294   0x00000058   Code   RO         6734    i.ch_task_init      chtask.o
    0x080102ec   0x080102ec   0x00000018   Code   RO         6735    i.ch_task_tcu_msg_proc  chtask.o
    0x08010304   0x08010304   0x00000068   Code   RO         6513    i.ch_wait_car_ready  chproc.o
    0x0801036c   0x0801036c   0x00000030   Code   RO         6736    i.ch_wait_msg       chtask.o
    0x0801039c   0x0801039c   0x0000000e   Code   RO         6514    i.ch_wait_stop      chproc.o
    0x080103aa   0x080103aa   0x00000002   PAD
    0x080103ac   0x080103ac   0x000000a4   Code   RO         6421    i.cp56time          ch_port.o
    0x08010450   0x08010450   0x00000018   Code   RO         6515    i.cp_pwm_ch_puls    chproc.o
    0x08010468   0x08010468   0x00000014   Code   RO         6516    i.cp_pwm_full       chproc.o
    0x0801047c   0x0801047c   0x0000002c   Code   RO         6517    i.cp_set_pwm_val    chproc.o
    0x080104a8   0x080104a8   0x00000070   Code   RO         5818    i.delay_init        delay.o
    0x08010518   0x08010518   0x00000050   Code   RO         5819    i.delay_m           delay.o
    0x08010568   0x08010568   0x0000000a   Code   RO         5820    i.delay_osschedlock  delay.o
    0x08010572   0x08010572   0x0000000a   Code   RO         5821    i.delay_osschedunlock  delay.o
    0x0801057c   0x0801057c   0x00000010   Code   RO         5822    i.delay_ostimedly   delay.o
    0x0801058c   0x0801058c   0x00000058   Code   RO         5823    i.delay_u           delay.o
    0x080105e4   0x080105e4   0x000001e4   Code   RO         8995    i.dwin_show         dwin_com_pro.o
    0x080107c8   0x080107c8   0x000000b0   Code   RO         8996    i.dwin_show_record  dwin_com_pro.o
    0x08010878   0x08010878   0x000000d8   Code   RO         6518    i.electricity_err   chproc.o
    0x08010950   0x08010950   0x000000cc   Code   RO         6230    i.ertc              ertc.o
    0x08010a1c   0x08010a1c   0x00000050   Code   RO         8192    i.fal_partition_read  flashdispos.o
    0x08010a6c   0x08010a6c   0x00000050   Code   RO         8193    i.fal_partition_write  flashdispos.o
    0x08010abc   0x08010abc   0x00000228   Code   RO         8997    i.flash_para_init   dwin_com_pro.o
    0x08010ce4   0x08010ce4   0x00000024   Code   RO         3073    i.fputc             at32_board.o
    0x08010d08   0x08010d08   0x000000b0   Code   RO         6519    i.get_q_money       chproc.o
    0x08010db8   0x08010db8   0x0000001a   Code   RO         7677    i.get_xor_check_sum  frame66.o
    0x08010dd2   0x08010dd2   0x00000002   PAD
    0x08010dd4   0x08010dd4   0x0000007c   Code   RO         6737    i.io_input_period   chtask.o
    0x08010e50   0x08010e50   0x000001e8   Code   RO         6422    i.localtime_to_cp56time  ch_port.o
    0x08011038   0x08011038   0x00000064   Code   RO           10    i.main              main.o
    0x0801109c   0x0801109c   0x0000003c   Code   RO         7887    i.mode5             read_nuid.o
    0x080110d8   0x080110d8   0x00000050   Code   RO         6520    i.money_not_enough  chproc.o
    0x08011128   0x08011128   0x00000020   Code   RO         6894    i.mq_service_card_send_disp  mq_service.o
    0x08011148   0x08011148   0x00000020   Code   RO         6895    i.mq_service_ch_send_dip  mq_service.o
    0x08011168   0x08011168   0x00000038   Code   RO         6896    i.mq_service_moduleid_exist  mq_service.o
    0x080111a0   0x080111a0   0x00000072   Code   RO         6897    i.mq_service_recv_msg  mq_service.o
    0x08011212   0x08011212   0x00000002   PAD
    0x08011214   0x08011214   0x00000128   Code   RO         6898    i.mq_service_send_msg  mq_service.o
    0x0801133c   0x0801133c   0x00000020   Code   RO         6899    i.mq_service_send_to_4gsend  mq_service.o
    0x0801135c   0x0801135c   0x00000024   Code   RO         6900    i.mq_service_xxx_send_msg_to_chtask  mq_service.o
    0x08011380   0x08011380   0x00000044   Code   RO         8999    i.rest_charge_dispose  dwin_com_pro.o
    0x080113c4   0x080113c4   0x0000005c   Code   RO         9000    i.rt_dwin_period_entry  dwin_com_pro.o
    0x08011420   0x08011420   0x000003ac   Code   RO         9001    i.rt_dwin_state_dispose  dwin_com_pro.o
    0x080117cc   0x080117cc   0x00000042   Code   RO         9002    i.send_ch_ctl_msg   dwin_com_pro.o
    0x0801180e   0x0801180e   0x00000002   PAD
    0x08011810   0x08011810   0x00000048   Code   RO         6231    i.set_date          ertc.o
    0x08011858   0x08011858   0x00000044   Code   RO         6232    i.set_time          ertc.o
    0x0801189c   0x0801189c   0x0000002c   Code   RO         7893    i.show_Notcalculated  read_nuid.o
    0x080118c8   0x080118c8   0x0000003c   Code   RO         9312    i.simulation_Print  dwinprotocol.o
    0x08011904   0x08011904   0x000000f6   Code   RO         9003    i.timeSert          dwin_com_pro.o
    0x080119fa   0x080119fa   0x00000002   PAD
    0x080119fc   0x080119fc   0x0000002c   Code   RO         6423    i.time_cal_day      ch_port.o
    0x08011a28   0x08011a28   0x0000007c   Code   RO         6107    i.uart_recvdispose  timer.o
    0x08011aa4   0x08011aa4   0x000000e8   Code   RO         6901    i.uart_service_4GUart_send_recv  mq_service.o
    0x08011b8c   0x08011b8c   0x000000e8   Code   RO         6902    i.uart_service_dwinrecv_send_disp  mq_service.o
    0x08011c74   0x08011c74   0x00000014   Code   RO         7678    i.uint16_H_to_L     frame66.o
    0x08011c88   0x08011c88   0x00000022   Code   RO         7679    i.uint32split_H_to_L  frame66.o
    0x08011caa   0x08011caa   0x00000018   Code   RO         9578    i.utils_hb2hex      utils_md5.o
    0x08011cc2   0x08011cc2   0x000000e8   Code   RO         9540    i.utils_hmac_sha1   utils_hmac.o
    0x08011daa   0x08011daa   0x00000002   PAD
    0x08011dac   0x08011dac   0x000000e8   Code   RO         9646    i.utils_sha1_finish  utils_sha1.o
    0x08011e94   0x08011e94   0x0000000e   Code   RO         9648    i.utils_sha1_init   utils_sha1.o
    0x08011ea2   0x08011ea2   0x00000002   PAD
    0x08011ea4   0x08011ea4   0x0000191c   Code   RO         9649    i.utils_sha1_process  utils_sha1.o
    0x080137c0   0x080137c0   0x0000002c   Code   RO         9650    i.utils_sha1_starts  utils_sha1.o
    0x080137ec   0x080137ec   0x0000007c   Code   RO         9651    i.utils_sha1_update  utils_sha1.o
    0x08013868   0x08013868   0x00000010   Data   RO          623    .constdata          at32f4xx_rcc.o
    0x08013878   0x08013878   0x00000094   Data   RO         3703    .constdata          os_cfg_app.o
    0x0801390c   0x0801390c   0x00000168   Data   RO         3941    .constdata          os_dbg.o
    0x08013a74   0x08013a74   0x00000013   Data   RO         6424    .constdata          ch_port.o
    0x08013a87   0x08013a87   0x00000001   PAD
    0x08013a88   0x08013a88   0x000000b8   Data   RO         7305    .constdata          modulea7680c.o
    0x08013b40   0x08013b40   0x00000078   Data   RO         8194    .constdata          flashdispos.o
    0x08013bb8   0x08013bb8   0x000001c8   Data   RO         8924    .constdata          dispshowstatus.o
    0x08013d80   0x08013d80   0x00000068   Data   RO         9005    .constdata          dwin_com_pro.o
    0x08013de8   0x08013de8   0x00000040   Data   RO         9653    .constdata          utils_sha1.o
    0x08013e28   0x08013e28   0x00000081   Data   RO        10084    .constdata          mc_w.l(ctype_o.o)
    0x08013ea9   0x08013ea9   0x00000003   PAD
    0x08013eac   0x08013eac   0x00000004   Data   RO        10085    .constdata          mc_w.l(ctype_o.o)
    0x08013eb0   0x08013eb0   0x00000143   Data   RO         7306    .conststring        modulea7680c.o
    0x08013ff3   0x08013ff3   0x00000001   PAD
    0x08013ff4   0x08013ff4   0x00000151   Data   RO         8925    .conststring        dispshowstatus.o
    0x08014145   0x08014145   0x00000003   PAD
    0x08014148   0x08014148   0x00000041   Data   RO         9541    .conststring        utils_hmac.o
    0x08014189   0x08014189   0x00000003   PAD
    0x0801418c   0x0801418c   0x00000020   Data   RO        10115    Region$$Table       anon$$obj.o


    Execution Region RW_IRAM1 (Exec base: 0x20000000, Load base: 0x080141ac, Size: 0x00007bc0, Max: 0x00008000, ABSOLUTE, COMPRESSED[0x00000234])

    Exec Addr    Load Addr    Size         Type   Attr      Idx    E Section Name        Object

    0x20000000   COMPRESSED   0x0000003d   Data   RW           12    .data               main.o
    0x2000003d   COMPRESSED   0x00000003   PAD
    0x20000040   COMPRESSED   0x00000014   Data   RW          402    .data               system_at32f4xx.o
    0x20000054   COMPRESSED   0x00000049   Data   RW         3074    .data               at32_board.o
    0x2000009d   COMPRESSED   0x00000003   PAD
    0x200000a0   COMPRESSED   0x00000004   Data   RW         3200    .data               os_cpu_c.o
    0x200000a4   COMPRESSED   0x00000008   Data   RW         4187    .data               os_prio.o
    0x200000ac   COMPRESSED   0x000000c4   Data   RW         4745    .data               os_var.o
    0x20000170   COMPRESSED   0x00000004   Data   RW         4830    .data               cpu_core.o
    0x20000174   COMPRESSED   0x00000004   Data   RW         5824    .data               delay.o
    0x20000178   COMPRESSED   0x000000b9   Data   RW         5943    .data               hlw8112-spi.o
    0x20000231   COMPRESSED   0x00000001   PAD
    0x20000232   COMPRESSED   0x00000005   Data   RW         6109    .data               timer.o
    0x20000237   COMPRESSED   0x00000001   PAD
    0x20000238   COMPRESSED   0x0000001c   Data   RW         6234    .data               ertc.o
    0x20000254   COMPRESSED   0x0000001c   Data   RW         6521    .data               chproc.o
    0x20000270   COMPRESSED   0x0000002c   Data   RW         6739    .data               chtask.o
    0x2000029c   COMPRESSED   0x00000004   Data   RW         6904    .data               mq_service.o
    0x200002a0   COMPRESSED   0x00000048   Data   RW         7003    .data               4gmain.o
    0x200002e8   COMPRESSED   0x00000020   Data   RW         7176    .data               4grecv.o
    0x20000308   COMPRESSED   0x00000008   Data   RW         7213    .data               4gsend.o
    0x20000310   COMPRESSED   0x00000013   Data   RW         7307    .data               modulea7680c.o
    0x20000323   COMPRESSED   0x00000001   PAD
    0x20000324   COMPRESSED   0x00000030   Data   RW         7590    .data               zfframe.o
    0x20000354   COMPRESSED   0x000000cc   Data   RW         7681    .data               frame66.o
    0x20000420   COMPRESSED   0x00000005   Data   RW         8249    .data               spi_flash.o
    0x20000425   COMPRESSED   0x00000003   PAD
    0x20000428   COMPRESSED   0x0000000c   Data   RW         8470    .data               dispkey.o
    0x20000434   COMPRESSED   0x00000004   Data   RW         8722    .data               dispkeyfunction.o
    0x20000438   COMPRESSED   0x00000039   Data   RW         9006    .data               dwin_com_pro.o
    0x20000471   COMPRESSED   0x00000003   PAD
    0x20000474   COMPRESSED   0x000002bc   Data   RW         9490    .data               menudisp .o
    0x20000730   COMPRESSED   0x00000004   Data   RW         9542    .data               utils_hmac.o
    0x20000734   COMPRESSED   0x00000004   Data   RW         9739    .data               mc_w.l(strtok.o)
    0x20000738   COMPRESSED   0x00000004   Data   RW        10066    .data               mc_w.l(errno.o)
    0x2000073c        -       0x00002398   Zero   RW           11    .bss                main.o
    0x20002ad4        -       0x000000cc   Zero   RW          328    .bss                at32f4xx_it.o
    0x20002ba0        -       0x00000d20   Zero   RW         3702    .bss                os_cfg_app.o
    0x200038c0        -       0x00000618   Zero   RW         4744    .bss                os_var.o
    0x20003ed8        -       0x00000010   Zero   RW         4828    .bss                cpu_core.o
    0x20003ee8        -       0x00000134   Zero   RW         5655    .bss                uart1.o
    0x2000401c        -       0x00000038   Zero   RW         5730    .bss                uart2.o
    0x20004054        -       0x00000024   Zero   RW         6108    .bss                timer.o
    0x20004078        -       0x0000011c   Zero   RW         6185    .bss                adc.o
    0x20004194        -       0x0000000c   Zero   RW         6233    .bss                ertc.o
    0x200041a0        -       0x00000038   Zero   RW         6373    .bss                uart3.o
    0x200041d8        -       0x00000340   Zero   RW         6738    .bss                chtask.o
    0x20004518        -       0x00000190   Zero   RW         6837    .bss                cp.o
    0x200046a8        -       0x00000c20   Zero   RW         6903    .bss                mq_service.o
    0x200052c8        -       0x000000de   Zero   RW         7002    .bss                4gmain.o
    0x200053a6   COMPRESSED   0x00000002   PAD
    0x200053a8        -       0x00000624   Zero   RW         7175    .bss                4grecv.o
    0x200059cc        -       0x00000292   Zero   RW         7212    .bss                4gsend.o
    0x20005c5e        -       0x0000002f   Zero   RW         7304    .bss                modulea7680c.o
    0x20005c8d        -       0x00000341   Zero   RW         7680    .bss                frame66.o
    0x20005fce   COMPRESSED   0x00000002   PAD
    0x20005fd0        -       0x0000005a   Zero   RW         7899    .bss                read_nuid.o
    0x2000602a        -       0x00001000   Zero   RW         8248    .bss                spi_flash.o
    0x2000702a   COMPRESSED   0x00000002   PAD
    0x2000702c        -       0x0000068a   Zero   RW         9004    .bss                dwin_com_pro.o
    0x200076b6        -       0x000000c9   Zero   RW         9313    .bss                dwinprotocol.o
    0x2000777f   COMPRESSED   0x00000001   PAD
    0x20007780        -       0x00000040   Zero   RW         9509    .bss                dlt645_port.o
    0x200077c0        -       0x00000400   Zero   RW          444    STACK               startup_at32f415cbt7.o


==============================================================================

Image component sizes


      Code (inc. data)   RO Data    RW Data    ZI Data      Debug   Object Name

         0          0          0          0          0       2245   485_1.o
       948        106          0         72        222      16321   4gmain.o
       912         94          0         32       1572       2689   4grecv.o
       664         66          0          8        658       3075   4gsend.o
       298         26          0          0        284       2852   adc.o
       188         14          0         73          0       4629   at32_board.o
       408         10          0          0          0       9379   at32f4xx_adc.o
       442          8          0          0          0       4727   at32f4xx_dma.o
      1110         76          0          0          0      10973   at32f4xx_ertc.o
       148          6          0          0          0       1260   at32f4xx_exti.o
      1332         16          0          0          0       6533   at32f4xx_gpio.o
       128          6          0          0        204      12101   at32f4xx_it.o
        68         30          0          0          0       3103   at32f4xx_iwdg.o
        12          6          0          0          0        643   at32f4xx_pwr.o
      1220        140         16          0          0      11078   at32f4xx_rcc.o
       324         20          0          0          0       4986   at32f4xx_tim.o
       512          6          0          0          0       8683   at32f4xx_usart.o
        92         14          0          0          0       2469   bsp.o
       696         22         19          0          0       7350   ch_port.o
      3180        334          0         28          0      22778   chproc.o
      1320        276          0         44        832      13268   chtask.o
       354         20          0          0        400       3070   cp.o
        52          0          0          0          0        464   cpu_a.o
       100         18          0          4         16       5361   cpu_core.o
       376         40          0          4          0       4719   delay.o
       532         28          0          0          0      32739   device.o
      2354        328          0         12          0      22685   dispkey.o
       154         14          0          4          0      19204   dispkeyfunction.o
       288         18        793          0          0       3483   dispshowstatus.o
         0          0          0          0         64       1060   dlt645_port.o
     10724       1120        104         57       1674      45570   dwin_com_pro.o
       572         20          0          0        201       9560   dwinprotocol.o
       710        186          0         28         12       5882   ertc.o
       160         12        120          0          0       2524   flashdispos.o
      7720        452          0        204        833      30890   frame66.o
      2740        594          0        185          0      13608   hlw8112-spi.o
         0          0          0          0          0       7972   lib_ascii.o
         0          0          0          0          0       1593   lib_math.o
       102          0          0          0          0       2152   lib_mem.o
      1464        346          0         61       9112     402306   main.o
         0          0          0        700          0       2688   menudisp .o
       172         22          0          0          0       2609   misc.o
      6794       1520        507         19         47      42945   modulea7680c.o
      1062         68          0          4       3104       8985   mq_service.o
         2          0        148          0       3360      19815   os_cfg_app.o
      2578        362          0          0          0      21806   os_core.o
       152         32          0          0          0        520   os_cpu_a.o
       556         60          0          4          0       8949   os_cpu_c.o
       424        278        360          0          0       5081   os_dbg.o
        24         10          0          0          0       1114   os_flag.o
        24         10          0          0          0       1113   os_mem.o
       570         32          0          0          0       4782   os_msg.o
      1172         78          0          0          0       5144   os_mutex.o
       136         16          0          8          0       3478   os_prio.o
      1018         56          0          0          0       6315   os_q.o
        24         10          0          0          0       1105   os_sem.o
      1484        190          0          0          0       4451   os_stat.o
      2958        168          0          0          0      14293   os_task.o
      1088         92          0          0          0       7150   os_tick.o
       304         36          0          0          0       2729   os_time.o
       570        142          0          0          0       4711   os_tmr.o
         0          0          0        196       1560      18164   os_var.o
       180         44          0          0         90       4030   read_nuid.o
      1318        104          0          5       4096      11795   spi_flash.o
        36          8        368          0       1024        968   startup_at32f415cbt7.o
       448         52          0         20          0       2563   system_at32f4xx.o
       676         82          0          5         36       4420   timer.o
       358         26          0          0        308       9515   uart1.o
       342         26          0          0         56       6283   uart2.o
         0          0          0          0         56       2531   uart3.o
       456          4         65          4          0       2779   utils_hmac.o
        24          0          0          0          0        571   utils_md5.o
      6842         40         64          0          0       6135   utils_sha1.o
      1612         40          0         48          0       8345   zfframe.o

    ----------------------------------------------------------------------
     75896       8080       2604       1844      29828    1013866   Object Totals
         0          0         32          0          0          0   (incl. Generated)
        88          0          8         15          7          0   (incl. Padding)

    ----------------------------------------------------------------------

      Code (inc. data)   RO Data    RW Data    ZI Data      Debug   Library Member Name

        86          0          0          0          0          0   __dczerorl2.o
        28          0          0          0          0         68   _chval.o
       158          0          0          0          0         92   _strtoul.o
        26          0          0          0          0         80   atoi.o
         8          4        133          0          0         68   ctype_o.o
         0          0          0          0          0          0   entry.o
         0          0          0          0          0          0   entry10a.o
         0          0          0          0          0          0   entry11a.o
         4          0          0          0          0          0   entry12b.o
         8          4          0          0          0          0   entry2.o
         4          0          0          0          0          0   entry5.o
         0          0          0          0          0          0   entry7b.o
         0          0          0          0          0          0   entry8b.o
         8          4          0          0          0          0   entry9a.o
         8          4          0          4          0         68   errno.o
        30          0          0          0          0          0   handlers.o
        36          8          0          0          0         68   init.o
         0          0          0          0          0          0   iusefp.o
        30          0          0          0          0         68   llshl.o
        36          0          0          0          0         68   llsshr.o
        32          0          0          0          0         68   llushr.o
        36          0          0          0          0         68   memcpya.o
        36          0          0          0          0        108   memseta.o
      1216         58          0          0          0        508   printf8.o
        14          0          0          0          0         68   strlen.o
        30          0          0          0          0         80   strncmp.o
        36          0          0          0          0         80   strstr.o
        68          6          0          4          0         80   strtok.o
       112          0          0          0          0         88   strtol.o
        98          0          0          0          0         92   uldiv.o
        48          0          0          0          0         68   cdcmple.o
        48          0          0          0          0         68   cdrcmple.o
        20          0          0          0          0         68   cfcmple.o
        20          0          0          0          0         68   cfrcmple.o
       334          0          0          0          0        148   dadd.o
       186          0          0          0          0        176   depilogue.o
        50          0          0          0          0         76   dfixui.o
        26          0          0          0          0         76   dfltui.o
       228          0          0          0          0         96   dmul.o
        38          0          0          0          0         68   f2d.o
       176          0          0          0          0        140   fadd.o
       124          0          0          0          0         88   fdiv.o
       110          0          0          0          0        168   fepilogue.o
        40          0          0          0          0         68   ffixui.o
        10          0          0          0          0         68   ffltui.o
       100          0          0          0          0         76   fmul.o

    ----------------------------------------------------------------------
      3712         88        136          8          0       3340   Library Totals
         6          0          3          0          0          0   (incl. Padding)

    ----------------------------------------------------------------------

      Code (inc. data)   RO Data    RW Data    ZI Data      Debug   Library Name

      2148         88        133          8          0       1820   mc_w.l
      1558          0          0          0          0       1520   mf_w.l

    ----------------------------------------------------------------------
      3712         88        136          8          0       3340   Library Totals

    ----------------------------------------------------------------------

==============================================================================


      Code (inc. data)   RO Data    RW Data    ZI Data      Debug   

     79608       8168       2740       1852      29828     985042   Grand Totals
     79608       8168       2740        564      29828     985042   ELF Image Totals (compressed)
     79608       8168       2740        564          0          0   ROM Totals

==============================================================================

    Total RO  Size (Code + RO Data)                82348 (  80.42kB)
    Total RW  Size (RW Data + ZI Data)             31680 (  30.94kB)
    Total ROM Size (Code + RO Data + RW Data)      82912 (  80.97kB)

==============================================================================

